Archive member included to satisfy reference by file (symbol)

F:/WorkingDirectory_2023/ESP8266/esp8266_idf_mqtt_demo/app/main/build/bootloader/main\libmain.a(bootloader_start.o)
                              (call_start_cpu)
F:/WorkingDirectory_2023/ESP8266/esp8266_idf_mqtt_demo/app/main/build/bootloader/bootloader_support\libbootloader_support.a(bootloader_utility.o)
                              F:/WorkingDirectory_2023/ESP8266/esp8266_idf_mqtt_demo/app/main/build/bootloader/main\libmain.a(bootloader_start.o) (bootloader_utility_load_partition_table)
F:/WorkingDirectory_2023/ESP8266/esp8266_idf_mqtt_demo/app/main/build/bootloader/bootloader_support\libbootloader_support.a(bootloader_init.o)
                              F:/WorkingDirectory_2023/ESP8266/esp8266_idf_mqtt_demo/app/main/build/bootloader/main\libmain.a(bootloader_start.o) (bootloader_init)
F:/WorkingDirectory_2023/ESP8266/esp8266_idf_mqtt_demo/app/main/build/bootloader/bootloader_support\libbootloader_support.a(bootloader_flash.o)
                              F:/WorkingDirectory_2023/ESP8266/esp8266_idf_mqtt_demo/app/main/build/bootloader/bootloader_support\libbootloader_support.a(bootloader_utility.o) (bootloader_mmap)
F:/WorkingDirectory_2023/ESP8266/esp8266_idf_mqtt_demo/app/main/build/bootloader/bootloader_support\libbootloader_support.a(esp_image_format.o)
                              F:/WorkingDirectory_2023/ESP8266/esp8266_idf_mqtt_demo/app/main/build/bootloader/bootloader_support\libbootloader_support.a(bootloader_utility.o) (esp_image_load)
F:/WorkingDirectory_2023/ESP8266/esp8266_idf_mqtt_demo/app/main/build/bootloader/bootloader_support\libbootloader_support.a(flash_partitions.o)
                              F:/WorkingDirectory_2023/ESP8266/esp8266_idf_mqtt_demo/app/main/build/bootloader/bootloader_support\libbootloader_support.a(bootloader_utility.o) (esp_partition_table_basic_verify)
F:/WorkingDirectory_2023/ESP8266/esp8266_idf_mqtt_demo/app/main/build/bootloader/bootloader_support\libbootloader_support.a(bootloader_common.o)
                              F:/WorkingDirectory_2023/ESP8266/esp8266_idf_mqtt_demo/app/main/build/bootloader/bootloader_support\libbootloader_support.a(bootloader_utility.o) (bootloader_common_ota_select_valid)
F:/WorkingDirectory_2023/ESP8266/esp8266_idf_mqtt_demo/app/main/build/bootloader/spi_flash\libspi_flash.a(spi_flash.o)
                              F:/WorkingDirectory_2023/ESP8266/esp8266_idf_mqtt_demo/app/main/build/bootloader/bootloader_support\libbootloader_support.a(flash_partitions.o) (g_rom_flashchip)
F:/WorkingDirectory_2023/ESP8266/esp8266_idf_mqtt_demo/app/main/build/bootloader/spi_flash\libspi_flash.a(spi_flash_raw.o)
                              F:/WorkingDirectory_2023/ESP8266/esp8266_idf_mqtt_demo/app/main/build/bootloader/spi_flash\libspi_flash.a(spi_flash.o) (spi_flash_get_id_raw)
F:/WorkingDirectory_2023/ESP8266/esp8266_idf_mqtt_demo/app/main/build/bootloader/log\liblog.a(log.o)
                              F:/WorkingDirectory_2023/ESP8266/esp8266_idf_mqtt_demo/app/main/build/bootloader/bootloader_support\libbootloader_support.a(bootloader_common.o) (esp_log_early_timestamp)
F:/WorkingDirectory_2023/ESP8266/esp8266_idf_mqtt_demo/app/main/build/bootloader/esp8266\libesp8266.a(ets_printf.o)
                              F:/WorkingDirectory_2023/ESP8266/esp8266_idf_mqtt_demo/app/main/build/bootloader/log\liblog.a(log.o) (ets_vprintf)
F:/WorkingDirectory_2023/ESP8266/esp8266_idf_mqtt_demo/app/main/build/bootloader/util\libutil.a(crc.o)
                              F:/WorkingDirectory_2023/ESP8266/esp8266_idf_mqtt_demo/app/main/build/bootloader/bootloader_support\libbootloader_support.a(bootloader_common.o) (crc32_le)
F:/WorkingDirectory_2023/ESP8266/esp8266_idf_mqtt_demo/components/esp8266/lib\libcore.a(phy.o)
                              F:/WorkingDirectory_2023/ESP8266/esp8266_idf_mqtt_demo/app/main/build/bootloader/bootloader_support\libbootloader_support.a(bootloader_init.o) (phy_reg_default)
F:/WorkingDirectory_2023/ESP8266/esp8266_idf_mqtt_demo/components/esp8266/lib\libcore.a(uart.o)
                              F:/WorkingDirectory_2023/ESP8266/esp8266_idf_mqtt_demo/app/main/build/bootloader/bootloader_support\libbootloader_support.a(bootloader_init.o) (uart_div_modify)

Allocating common symbols
Common symbol       size              file

esp_image_spi_freq_t
                    0x4               F:/WorkingDirectory_2023/ESP8266/esp8266_idf_mqtt_demo/app/main/build/bootloader/main\libmain.a(bootloader_start.o)

Discarded input sections

 .text          0x00000000        0x0 F:/WorkingDirectory_2023/ESP8266/esp8266_idf_mqtt_demo/app/main/build/bootloader/main\libmain.a(bootloader_start.o)
 .data          0x00000000        0x0 F:/WorkingDirectory_2023/ESP8266/esp8266_idf_mqtt_demo/app/main/build/bootloader/main\libmain.a(bootloader_start.o)
 .bss           0x00000000        0x0 F:/WorkingDirectory_2023/ESP8266/esp8266_idf_mqtt_demo/app/main/build/bootloader/main\libmain.a(bootloader_start.o)
 .xt.lit        0x00000000       0x18 F:/WorkingDirectory_2023/ESP8266/esp8266_idf_mqtt_demo/app/main/build/bootloader/main\libmain.a(bootloader_start.o)
 .xt.prop       0x00000000       0xe4 F:/WorkingDirectory_2023/ESP8266/esp8266_idf_mqtt_demo/app/main/build/bootloader/main\libmain.a(bootloader_start.o)
 COMMON         0x00000000        0x4 F:/WorkingDirectory_2023/ESP8266/esp8266_idf_mqtt_demo/app/main/build/bootloader/main\libmain.a(bootloader_start.o)
 .text          0x00000000        0x0 F:/WorkingDirectory_2023/ESP8266/esp8266_idf_mqtt_demo/app/main/build/bootloader/bootloader_support\libbootloader_support.a(bootloader_utility.o)
 .data          0x00000000        0x0 F:/WorkingDirectory_2023/ESP8266/esp8266_idf_mqtt_demo/app/main/build/bootloader/bootloader_support\libbootloader_support.a(bootloader_utility.o)
 .bss           0x00000000        0x0 F:/WorkingDirectory_2023/ESP8266/esp8266_idf_mqtt_demo/app/main/build/bootloader/bootloader_support\libbootloader_support.a(bootloader_utility.o)
 .xt.lit        0x00000000       0x28 F:/WorkingDirectory_2023/ESP8266/esp8266_idf_mqtt_demo/app/main/build/bootloader/bootloader_support\libbootloader_support.a(bootloader_utility.o)
 .xt.prop       0x00000000      0x39c F:/WorkingDirectory_2023/ESP8266/esp8266_idf_mqtt_demo/app/main/build/bootloader/bootloader_support\libbootloader_support.a(bootloader_utility.o)
 .text          0x00000000        0x0 F:/WorkingDirectory_2023/ESP8266/esp8266_idf_mqtt_demo/app/main/build/bootloader/bootloader_support\libbootloader_support.a(bootloader_init.o)
 .data          0x00000000        0x0 F:/WorkingDirectory_2023/ESP8266/esp8266_idf_mqtt_demo/app/main/build/bootloader/bootloader_support\libbootloader_support.a(bootloader_init.o)
 .bss           0x00000000        0x0 F:/WorkingDirectory_2023/ESP8266/esp8266_idf_mqtt_demo/app/main/build/bootloader/bootloader_support\libbootloader_support.a(bootloader_init.o)
 .xt.lit        0x00000000       0x20 F:/WorkingDirectory_2023/ESP8266/esp8266_idf_mqtt_demo/app/main/build/bootloader/bootloader_support\libbootloader_support.a(bootloader_init.o)
 .xt.prop       0x00000000       0xe4 F:/WorkingDirectory_2023/ESP8266/esp8266_idf_mqtt_demo/app/main/build/bootloader/bootloader_support\libbootloader_support.a(bootloader_init.o)
 .literal.bootloader_flash_write
                0x00000000        0xc F:/WorkingDirectory_2023/ESP8266/esp8266_idf_mqtt_demo/app/main/build/bootloader/bootloader_support\libbootloader_support.a(bootloader_flash.o)
 .literal.bootloader_flash_erase_sector
                0x00000000        0x4 F:/WorkingDirectory_2023/ESP8266/esp8266_idf_mqtt_demo/app/main/build/bootloader/bootloader_support\libbootloader_support.a(bootloader_flash.o)
 .text          0x00000000        0x0 F:/WorkingDirectory_2023/ESP8266/esp8266_idf_mqtt_demo/app/main/build/bootloader/bootloader_support\libbootloader_support.a(bootloader_flash.o)
 .data          0x00000000        0x0 F:/WorkingDirectory_2023/ESP8266/esp8266_idf_mqtt_demo/app/main/build/bootloader/bootloader_support\libbootloader_support.a(bootloader_flash.o)
 .bss           0x00000000        0x0 F:/WorkingDirectory_2023/ESP8266/esp8266_idf_mqtt_demo/app/main/build/bootloader/bootloader_support\libbootloader_support.a(bootloader_flash.o)
 .text.bootloader_flash_write
                0x00000000       0x69 F:/WorkingDirectory_2023/ESP8266/esp8266_idf_mqtt_demo/app/main/build/bootloader/bootloader_support\libbootloader_support.a(bootloader_flash.o)
 .text.bootloader_flash_erase_sector
                0x00000000       0x15 F:/WorkingDirectory_2023/ESP8266/esp8266_idf_mqtt_demo/app/main/build/bootloader/bootloader_support\libbootloader_support.a(bootloader_flash.o)
 .xt.lit        0x00000000       0x30 F:/WorkingDirectory_2023/ESP8266/esp8266_idf_mqtt_demo/app/main/build/bootloader/bootloader_support\libbootloader_support.a(bootloader_flash.o)
 .xt.prop       0x00000000      0x264 F:/WorkingDirectory_2023/ESP8266/esp8266_idf_mqtt_demo/app/main/build/bootloader/bootloader_support\libbootloader_support.a(bootloader_flash.o)
 .literal.esp_image_verify_bootloader
                0x00000000        0x8 F:/WorkingDirectory_2023/ESP8266/esp8266_idf_mqtt_demo/app/main/build/bootloader/bootloader_support\libbootloader_support.a(esp_image_format.o)
 .text          0x00000000        0x0 F:/WorkingDirectory_2023/ESP8266/esp8266_idf_mqtt_demo/app/main/build/bootloader/bootloader_support\libbootloader_support.a(esp_image_format.o)
 .data          0x00000000        0x0 F:/WorkingDirectory_2023/ESP8266/esp8266_idf_mqtt_demo/app/main/build/bootloader/bootloader_support\libbootloader_support.a(esp_image_format.o)
 .bss           0x00000000        0x0 F:/WorkingDirectory_2023/ESP8266/esp8266_idf_mqtt_demo/app/main/build/bootloader/bootloader_support\libbootloader_support.a(esp_image_format.o)
 .text.esp_image_verify_bootloader
                0x00000000       0x41 F:/WorkingDirectory_2023/ESP8266/esp8266_idf_mqtt_demo/app/main/build/bootloader/bootloader_support\libbootloader_support.a(esp_image_format.o)
 .xt.lit        0x00000000       0x40 F:/WorkingDirectory_2023/ESP8266/esp8266_idf_mqtt_demo/app/main/build/bootloader/bootloader_support\libbootloader_support.a(esp_image_format.o)
 .xt.prop       0x00000000      0x354 F:/WorkingDirectory_2023/ESP8266/esp8266_idf_mqtt_demo/app/main/build/bootloader/bootloader_support\libbootloader_support.a(esp_image_format.o)
 .text          0x00000000        0x0 F:/WorkingDirectory_2023/ESP8266/esp8266_idf_mqtt_demo/app/main/build/bootloader/bootloader_support\libbootloader_support.a(flash_partitions.o)
 .data          0x00000000        0x0 F:/WorkingDirectory_2023/ESP8266/esp8266_idf_mqtt_demo/app/main/build/bootloader/bootloader_support\libbootloader_support.a(flash_partitions.o)
 .bss           0x00000000        0x0 F:/WorkingDirectory_2023/ESP8266/esp8266_idf_mqtt_demo/app/main/build/bootloader/bootloader_support\libbootloader_support.a(flash_partitions.o)
 .xt.lit        0x00000000        0x8 F:/WorkingDirectory_2023/ESP8266/esp8266_idf_mqtt_demo/app/main/build/bootloader/bootloader_support\libbootloader_support.a(flash_partitions.o)
 .xt.prop       0x00000000       0xd8 F:/WorkingDirectory_2023/ESP8266/esp8266_idf_mqtt_demo/app/main/build/bootloader/bootloader_support\libbootloader_support.a(flash_partitions.o)
 .literal.bootloader_common_check_long_hold_gpio
                0x00000000       0x58 F:/WorkingDirectory_2023/ESP8266/esp8266_idf_mqtt_demo/app/main/build/bootloader/bootloader_support\libbootloader_support.a(bootloader_common.o)
 .text          0x00000000        0x0 F:/WorkingDirectory_2023/ESP8266/esp8266_idf_mqtt_demo/app/main/build/bootloader/bootloader_support\libbootloader_support.a(bootloader_common.o)
 .data          0x00000000        0x0 F:/WorkingDirectory_2023/ESP8266/esp8266_idf_mqtt_demo/app/main/build/bootloader/bootloader_support\libbootloader_support.a(bootloader_common.o)
 .bss           0x00000000        0x0 F:/WorkingDirectory_2023/ESP8266/esp8266_idf_mqtt_demo/app/main/build/bootloader/bootloader_support\libbootloader_support.a(bootloader_common.o)
 .text.bootloader_common_check_long_hold_gpio
                0x00000000      0x22c F:/WorkingDirectory_2023/ESP8266/esp8266_idf_mqtt_demo/app/main/build/bootloader/bootloader_support\libbootloader_support.a(bootloader_common.o)
 .xt.lit        0x00000000       0x18 F:/WorkingDirectory_2023/ESP8266/esp8266_idf_mqtt_demo/app/main/build/bootloader/bootloader_support\libbootloader_support.a(bootloader_common.o)
 .xt.prop       0x00000000      0x420 F:/WorkingDirectory_2023/ESP8266/esp8266_idf_mqtt_demo/app/main/build/bootloader/bootloader_support\libbootloader_support.a(bootloader_common.o)
 .literal.spi_flash_program
                0x00000000       0x20 F:/WorkingDirectory_2023/ESP8266/esp8266_idf_mqtt_demo/app/main/build/bootloader/spi_flash\libspi_flash.a(spi_flash.o)
 .literal.__spi_flash_write
                0x00000000        0x8 F:/WorkingDirectory_2023/ESP8266/esp8266_idf_mqtt_demo/app/main/build/bootloader/spi_flash\libspi_flash.a(spi_flash.o)
 .literal.__spi_flash_read
                0x00000000       0x10 F:/WorkingDirectory_2023/ESP8266/esp8266_idf_mqtt_demo/app/main/build/bootloader/spi_flash\libspi_flash.a(spi_flash.o)
 .literal.spi_flash_write_status
                0x00000000        0xc F:/WorkingDirectory_2023/ESP8266/esp8266_idf_mqtt_demo/app/main/build/bootloader/spi_flash\libspi_flash.a(spi_flash.o)
 .literal.spi_flash_check_wr_protect
                0x00000000       0x4c F:/WorkingDirectory_2023/ESP8266/esp8266_idf_mqtt_demo/app/main/build/bootloader/spi_flash\libspi_flash.a(spi_flash.o)
 .literal.spi_flash_erase_sector
                0x00000000       0x18 F:/WorkingDirectory_2023/ESP8266/esp8266_idf_mqtt_demo/app/main/build/bootloader/spi_flash\libspi_flash.a(spi_flash.o)
 .literal.spi_flash_read
                0x00000000       0x24 F:/WorkingDirectory_2023/ESP8266/esp8266_idf_mqtt_demo/app/main/build/bootloader/spi_flash\libspi_flash.a(spi_flash.o)
 .literal.spi_flash_write
                0x00000000       0x3c F:/WorkingDirectory_2023/ESP8266/esp8266_idf_mqtt_demo/app/main/build/bootloader/spi_flash\libspi_flash.a(spi_flash.o)
 .literal.spi_flash_erase_range
                0x00000000       0x10 F:/WorkingDirectory_2023/ESP8266/esp8266_idf_mqtt_demo/app/main/build/bootloader/spi_flash\libspi_flash.a(spi_flash.o)
 .literal.spi_flash_cache2phys
                0x00000000       0x14 F:/WorkingDirectory_2023/ESP8266/esp8266_idf_mqtt_demo/app/main/build/bootloader/spi_flash\libspi_flash.a(spi_flash.o)
 .literal.spi_flash_get_chip_size
                0x00000000        0x4 F:/WorkingDirectory_2023/ESP8266/esp8266_idf_mqtt_demo/app/main/build/bootloader/spi_flash\libspi_flash.a(spi_flash.o)
 .text          0x00000000        0x0 F:/WorkingDirectory_2023/ESP8266/esp8266_idf_mqtt_demo/app/main/build/bootloader/spi_flash\libspi_flash.a(spi_flash.o)
 .data          0x00000000        0x0 F:/WorkingDirectory_2023/ESP8266/esp8266_idf_mqtt_demo/app/main/build/bootloader/spi_flash\libspi_flash.a(spi_flash.o)
 .bss           0x00000000        0x0 F:/WorkingDirectory_2023/ESP8266/esp8266_idf_mqtt_demo/app/main/build/bootloader/spi_flash\libspi_flash.a(spi_flash.o)
 .text.spi_flash_program
                0x00000000       0xcb F:/WorkingDirectory_2023/ESP8266/esp8266_idf_mqtt_demo/app/main/build/bootloader/spi_flash\libspi_flash.a(spi_flash.o)
 .text.__spi_flash_write
                0x00000000       0x23 F:/WorkingDirectory_2023/ESP8266/esp8266_idf_mqtt_demo/app/main/build/bootloader/spi_flash\libspi_flash.a(spi_flash.o)
 .text.__spi_flash_read
                0x00000000       0x31 F:/WorkingDirectory_2023/ESP8266/esp8266_idf_mqtt_demo/app/main/build/bootloader/spi_flash\libspi_flash.a(spi_flash.o)
 .text.spi_flash_write_status
                0x00000000       0x2a F:/WorkingDirectory_2023/ESP8266/esp8266_idf_mqtt_demo/app/main/build/bootloader/spi_flash\libspi_flash.a(spi_flash.o)
 .text.spi_flash_check_wr_protect
                0x00000000      0x161 F:/WorkingDirectory_2023/ESP8266/esp8266_idf_mqtt_demo/app/main/build/bootloader/spi_flash\libspi_flash.a(spi_flash.o)
 .text.spi_flash_erase_sector
                0x00000000       0x56 F:/WorkingDirectory_2023/ESP8266/esp8266_idf_mqtt_demo/app/main/build/bootloader/spi_flash\libspi_flash.a(spi_flash.o)
 .text.spi_flash_read
                0x00000000      0x110 F:/WorkingDirectory_2023/ESP8266/esp8266_idf_mqtt_demo/app/main/build/bootloader/spi_flash\libspi_flash.a(spi_flash.o)
 .text.spi_flash_write
                0x00000000      0x170 F:/WorkingDirectory_2023/ESP8266/esp8266_idf_mqtt_demo/app/main/build/bootloader/spi_flash\libspi_flash.a(spi_flash.o)
 .text.spi_flash_erase_range
                0x00000000       0x6d F:/WorkingDirectory_2023/ESP8266/esp8266_idf_mqtt_demo/app/main/build/bootloader/spi_flash\libspi_flash.a(spi_flash.o)
 .text.spi_flash_cache2phys
                0x00000000       0x48 F:/WorkingDirectory_2023/ESP8266/esp8266_idf_mqtt_demo/app/main/build/bootloader/spi_flash\libspi_flash.a(spi_flash.o)
 .text.spi_flash_get_chip_size
                0x00000000        0x7 F:/WorkingDirectory_2023/ESP8266/esp8266_idf_mqtt_demo/app/main/build/bootloader/spi_flash\libspi_flash.a(spi_flash.o)
 .xt.lit        0x00000000       0xd0 F:/WorkingDirectory_2023/ESP8266/esp8266_idf_mqtt_demo/app/main/build/bootloader/spi_flash\libspi_flash.a(spi_flash.o)
 .xt.prop       0x00000000      0xbdc F:/WorkingDirectory_2023/ESP8266/esp8266_idf_mqtt_demo/app/main/build/bootloader/spi_flash\libspi_flash.a(spi_flash.o)
 .literal.spi_flash_write_status_raw
                0x00000000       0x1c F:/WorkingDirectory_2023/ESP8266/esp8266_idf_mqtt_demo/app/main/build/bootloader/spi_flash\libspi_flash.a(spi_flash_raw.o)
 .literal.spi_flash_erase_sector_raw
                0x00000000       0x14 F:/WorkingDirectory_2023/ESP8266/esp8266_idf_mqtt_demo/app/main/build/bootloader/spi_flash\libspi_flash.a(spi_flash_raw.o)
 .literal.spi_flash_write_raw
                0x00000000        0xc F:/WorkingDirectory_2023/ESP8266/esp8266_idf_mqtt_demo/app/main/build/bootloader/spi_flash\libspi_flash.a(spi_flash_raw.o)
 .literal.spi_flash_read_raw
                0x00000000        0xc F:/WorkingDirectory_2023/ESP8266/esp8266_idf_mqtt_demo/app/main/build/bootloader/spi_flash\libspi_flash.a(spi_flash_raw.o)
 .text          0x00000000        0x0 F:/WorkingDirectory_2023/ESP8266/esp8266_idf_mqtt_demo/app/main/build/bootloader/spi_flash\libspi_flash.a(spi_flash_raw.o)
 .data          0x00000000        0x0 F:/WorkingDirectory_2023/ESP8266/esp8266_idf_mqtt_demo/app/main/build/bootloader/spi_flash\libspi_flash.a(spi_flash_raw.o)
 .bss           0x00000000        0x0 F:/WorkingDirectory_2023/ESP8266/esp8266_idf_mqtt_demo/app/main/build/bootloader/spi_flash\libspi_flash.a(spi_flash_raw.o)
 .text.spi_flash_write_status_raw
                0x00000000       0x5c F:/WorkingDirectory_2023/ESP8266/esp8266_idf_mqtt_demo/app/main/build/bootloader/spi_flash\libspi_flash.a(spi_flash_raw.o)
 .text.spi_flash_erase_sector_raw
                0x00000000       0x54 F:/WorkingDirectory_2023/ESP8266/esp8266_idf_mqtt_demo/app/main/build/bootloader/spi_flash\libspi_flash.a(spi_flash_raw.o)
 .text.spi_flash_write_raw
                0x00000000       0x43 F:/WorkingDirectory_2023/ESP8266/esp8266_idf_mqtt_demo/app/main/build/bootloader/spi_flash\libspi_flash.a(spi_flash_raw.o)
 .text.spi_flash_read_raw
                0x00000000       0x43 F:/WorkingDirectory_2023/ESP8266/esp8266_idf_mqtt_demo/app/main/build/bootloader/spi_flash\libspi_flash.a(spi_flash_raw.o)
 .xt.lit        0x00000000       0x58 F:/WorkingDirectory_2023/ESP8266/esp8266_idf_mqtt_demo/app/main/build/bootloader/spi_flash\libspi_flash.a(spi_flash_raw.o)
 .xt.prop       0x00000000      0x360 F:/WorkingDirectory_2023/ESP8266/esp8266_idf_mqtt_demo/app/main/build/bootloader/spi_flash\libspi_flash.a(spi_flash_raw.o)
 .iram1.0.literal
                0x00000000        0x8 F:/WorkingDirectory_2023/ESP8266/esp8266_idf_mqtt_demo/app/main/build/bootloader/log\liblog.a(log.o)
 .iram1.1.literal
                0x00000000       0x30 F:/WorkingDirectory_2023/ESP8266/esp8266_idf_mqtt_demo/app/main/build/bootloader/log\liblog.a(log.o)
 .text          0x00000000        0x0 F:/WorkingDirectory_2023/ESP8266/esp8266_idf_mqtt_demo/app/main/build/bootloader/log\liblog.a(log.o)
 .data          0x00000000        0x0 F:/WorkingDirectory_2023/ESP8266/esp8266_idf_mqtt_demo/app/main/build/bootloader/log\liblog.a(log.o)
 .bss           0x00000000        0x0 F:/WorkingDirectory_2023/ESP8266/esp8266_idf_mqtt_demo/app/main/build/bootloader/log\liblog.a(log.o)
 .iram1.0       0x00000000       0x18 F:/WorkingDirectory_2023/ESP8266/esp8266_idf_mqtt_demo/app/main/build/bootloader/log\liblog.a(log.o)
 .rodata.str1.4
                0x00000000       0x22 F:/WorkingDirectory_2023/ESP8266/esp8266_idf_mqtt_demo/app/main/build/bootloader/log\liblog.a(log.o)
 .iram1.1       0x00000000       0x9d F:/WorkingDirectory_2023/ESP8266/esp8266_idf_mqtt_demo/app/main/build/bootloader/log\liblog.a(log.o)
 .rodata.s_log_prefix
                0x00000000        0x6 F:/WorkingDirectory_2023/ESP8266/esp8266_idf_mqtt_demo/app/main/build/bootloader/log\liblog.a(log.o)
 .rodata.s_log_color
                0x00000000       0x18 F:/WorkingDirectory_2023/ESP8266/esp8266_idf_mqtt_demo/app/main/build/bootloader/log\liblog.a(log.o)
 .xt.lit        0x00000000       0x10 F:/WorkingDirectory_2023/ESP8266/esp8266_idf_mqtt_demo/app/main/build/bootloader/log\liblog.a(log.o)
 .xt.prop       0x00000000       0xcc F:/WorkingDirectory_2023/ESP8266/esp8266_idf_mqtt_demo/app/main/build/bootloader/log\liblog.a(log.o)
 .literal.uart_putc
                0x00000000        0xc F:/WorkingDirectory_2023/ESP8266/esp8266_idf_mqtt_demo/app/main/build/bootloader/esp8266\libesp8266.a(ets_printf.o)
 .literal.ets_putc
                0x00000000        0x8 F:/WorkingDirectory_2023/ESP8266/esp8266_idf_mqtt_demo/app/main/build/bootloader/esp8266\libesp8266.a(ets_printf.o)
 .literal.ets_vprintf
                0x00000000        0x8 F:/WorkingDirectory_2023/ESP8266/esp8266_idf_mqtt_demo/app/main/build/bootloader/esp8266\libesp8266.a(ets_printf.o)
 .literal.ets_printf
                0x00000000        0x4 F:/WorkingDirectory_2023/ESP8266/esp8266_idf_mqtt_demo/app/main/build/bootloader/esp8266\libesp8266.a(ets_printf.o)
 .text          0x00000000        0x0 F:/WorkingDirectory_2023/ESP8266/esp8266_idf_mqtt_demo/app/main/build/bootloader/esp8266\libesp8266.a(ets_printf.o)
 .data          0x00000000        0x0 F:/WorkingDirectory_2023/ESP8266/esp8266_idf_mqtt_demo/app/main/build/bootloader/esp8266\libesp8266.a(ets_printf.o)
 .bss           0x00000000        0x0 F:/WorkingDirectory_2023/ESP8266/esp8266_idf_mqtt_demo/app/main/build/bootloader/esp8266\libesp8266.a(ets_printf.o)
 .text.uart_putc
                0x00000000       0x21 F:/WorkingDirectory_2023/ESP8266/esp8266_idf_mqtt_demo/app/main/build/bootloader/esp8266\libesp8266.a(ets_printf.o)
 .text.ets_putc
                0x00000000       0x27 F:/WorkingDirectory_2023/ESP8266/esp8266_idf_mqtt_demo/app/main/build/bootloader/esp8266\libesp8266.a(ets_printf.o)
 .text.ets_vprintf
                0x00000000       0x1f F:/WorkingDirectory_2023/ESP8266/esp8266_idf_mqtt_demo/app/main/build/bootloader/esp8266\libesp8266.a(ets_printf.o)
 .text.ets_printf
                0x00000000       0x2b F:/WorkingDirectory_2023/ESP8266/esp8266_idf_mqtt_demo/app/main/build/bootloader/esp8266\libesp8266.a(ets_printf.o)
 .xt.lit        0x00000000       0x20 F:/WorkingDirectory_2023/ESP8266/esp8266_idf_mqtt_demo/app/main/build/bootloader/esp8266\libesp8266.a(ets_printf.o)
 .xt.prop       0x00000000       0xcc F:/WorkingDirectory_2023/ESP8266/esp8266_idf_mqtt_demo/app/main/build/bootloader/esp8266\libesp8266.a(ets_printf.o)
 .literal.crc16_le
                0x00000000        0x4 F:/WorkingDirectory_2023/ESP8266/esp8266_idf_mqtt_demo/app/main/build/bootloader/util\libutil.a(crc.o)
 .literal.esp_crc8
                0x00000000        0x4 F:/WorkingDirectory_2023/ESP8266/esp8266_idf_mqtt_demo/app/main/build/bootloader/util\libutil.a(crc.o)
 .text          0x00000000        0x0 F:/WorkingDirectory_2023/ESP8266/esp8266_idf_mqtt_demo/app/main/build/bootloader/util\libutil.a(crc.o)
 .data          0x00000000        0x0 F:/WorkingDirectory_2023/ESP8266/esp8266_idf_mqtt_demo/app/main/build/bootloader/util\libutil.a(crc.o)
 .bss           0x00000000        0x0 F:/WorkingDirectory_2023/ESP8266/esp8266_idf_mqtt_demo/app/main/build/bootloader/util\libutil.a(crc.o)
 .text.crc16_le
                0x00000000       0x39 F:/WorkingDirectory_2023/ESP8266/esp8266_idf_mqtt_demo/app/main/build/bootloader/util\libutil.a(crc.o)
 .text.esp_crc8
                0x00000000       0x21 F:/WorkingDirectory_2023/ESP8266/esp8266_idf_mqtt_demo/app/main/build/bootloader/util\libutil.a(crc.o)
 .rodata.crc8_le_table
                0x00000000      0x100 F:/WorkingDirectory_2023/ESP8266/esp8266_idf_mqtt_demo/app/main/build/bootloader/util\libutil.a(crc.o)
 .rodata.crc16_le_table
                0x00000000      0x200 F:/WorkingDirectory_2023/ESP8266/esp8266_idf_mqtt_demo/app/main/build/bootloader/util\libutil.a(crc.o)
 .xt.lit        0x00000000       0x18 F:/WorkingDirectory_2023/ESP8266/esp8266_idf_mqtt_demo/app/main/build/bootloader/util\libutil.a(crc.o)
 .xt.prop       0x00000000       0xfc F:/WorkingDirectory_2023/ESP8266/esp8266_idf_mqtt_demo/app/main/build/bootloader/util\libutil.a(crc.o)
 .literal.phy_reg_default
                0x00000000        0x0 F:/WorkingDirectory_2023/ESP8266/esp8266_idf_mqtt_demo/components/esp8266/lib\libcore.a(phy.o)
 .text          0x00000000        0x0 F:/WorkingDirectory_2023/ESP8266/esp8266_idf_mqtt_demo/components/esp8266/lib\libcore.a(phy.o)
 .data          0x00000000        0x0 F:/WorkingDirectory_2023/ESP8266/esp8266_idf_mqtt_demo/components/esp8266/lib\libcore.a(phy.o)
 .bss           0x00000000        0x0 F:/WorkingDirectory_2023/ESP8266/esp8266_idf_mqtt_demo/components/esp8266/lib\libcore.a(phy.o)
 .xt.lit        0x00000000        0x8 F:/WorkingDirectory_2023/ESP8266/esp8266_idf_mqtt_demo/components/esp8266/lib\libcore.a(phy.o)
 .xt.prop       0x00000000       0x48 F:/WorkingDirectory_2023/ESP8266/esp8266_idf_mqtt_demo/components/esp8266/lib\libcore.a(phy.o)
 .literal.uart_buff_switch
                0x00000000        0x0 F:/WorkingDirectory_2023/ESP8266/esp8266_idf_mqtt_demo/components/esp8266/lib\libcore.a(uart.o)
 .literal.uart_div_modify
                0x00000000        0x0 F:/WorkingDirectory_2023/ESP8266/esp8266_idf_mqtt_demo/components/esp8266/lib\libcore.a(uart.o)
 .literal.Uart_Init
                0x00000000        0x0 F:/WorkingDirectory_2023/ESP8266/esp8266_idf_mqtt_demo/components/esp8266/lib\libcore.a(uart.o)
 .text          0x00000000        0x0 F:/WorkingDirectory_2023/ESP8266/esp8266_idf_mqtt_demo/components/esp8266/lib\libcore.a(uart.o)
 .data          0x00000000        0x0 F:/WorkingDirectory_2023/ESP8266/esp8266_idf_mqtt_demo/components/esp8266/lib\libcore.a(uart.o)
 .bss           0x00000000        0x0 F:/WorkingDirectory_2023/ESP8266/esp8266_idf_mqtt_demo/components/esp8266/lib\libcore.a(uart.o)
 .text.uart_buff_switch
                0x00000000        0x2 F:/WorkingDirectory_2023/ESP8266/esp8266_idf_mqtt_demo/components/esp8266/lib\libcore.a(uart.o)
 .text.Uart_Init
                0x00000000        0x2 F:/WorkingDirectory_2023/ESP8266/esp8266_idf_mqtt_demo/components/esp8266/lib\libcore.a(uart.o)
 .xt.lit        0x00000000        0x8 F:/WorkingDirectory_2023/ESP8266/esp8266_idf_mqtt_demo/components/esp8266/lib\libcore.a(uart.o)
 .xt.prop       0x00000000       0x78 F:/WorkingDirectory_2023/ESP8266/esp8266_idf_mqtt_demo/components/esp8266/lib\libcore.a(uart.o)

Memory Configuration

Name             Origin             Length             Attributes
dport0_seg       0x3ff00000         0x00000010
dram_seg         0x3ffe8000         0x00017c00
iram_seg         0x40100000         0x00008000
*default*        0x00000000         0xffffffff

Linker script and memory map

START GROUP
LOAD F:/WorkingDirectory_2023/ESP8266/esp8266_idf_mqtt_demo/app/main/build/bootloader/main\libmain.a
LOAD F:/WorkingDirectory_2023/ESP8266/esp8266_idf_mqtt_demo/components/esp8266/lib\libcore.a
LOAD F:/WorkingDirectory_2023/ESP8266/esp8266_idf_mqtt_demo/app/main/build/bootloader/bootloader_support\libbootloader_support.a
LOAD F:/WorkingDirectory_2023/ESP8266/esp8266_idf_mqtt_demo/app/main/build/bootloader/spi_flash\libspi_flash.a
LOAD F:/WorkingDirectory_2023/ESP8266/esp8266_idf_mqtt_demo/app/main/build/bootloader/log\liblog.a
LOAD F:/WorkingDirectory_2023/ESP8266/esp8266_idf_mqtt_demo/app/main/build/bootloader/esp8266\libesp8266.a
LOAD F:/WorkingDirectory_2023/ESP8266/esp8266_idf_mqtt_demo/app/main/build/bootloader/util\libutil.a
LOAD F:/WorkingDirectory_2023/ESP8266/esp8266_idf_mqtt_demo/components/esp8266/lib\libgcc.a
LOAD e:/esp8266/aithinkeride/aithinkeride_v1.5.2/msys32/opt/esp8266/v5.2.0_for_3.0/bin/../xtensa-lx106-elf/sysroot/lib\libstdc++.a
LOAD e:/esp8266/aithinkeride/aithinkeride_v1.5.2/msys32/opt/esp8266/v5.2.0_for_3.0/bin/../lib/gcc/xtensa-lx106-elf/5.2.0\libgcov.a
END GROUP

.text           0x40100000     0x147c
                0x40100000                _stext = .
                0x40100000                _text_start = ABSOLUTE (.)
                0x40100000                . = ALIGN (0x10)
 *(.entry.text)
 *(.init.literal)
 *(.init)
 *(.literal .text .literal.* .text.* .stub .gnu.warning .gnu.linkonce.literal.* .gnu.linkonce.t.*.literal .gnu.linkonce.t.*)
 .literal.selected_boot_partition
                0x40100000        0x0 F:/WorkingDirectory_2023/ESP8266/esp8266_idf_mqtt_demo/app/main/build/bootloader/main\libmain.a(bootloader_start.o)
                                  0x4 (size before relaxing)
 .literal.select_image
                0x40100000        0x4 F:/WorkingDirectory_2023/ESP8266/esp8266_idf_mqtt_demo/app/main/build/bootloader/main\libmain.a(bootloader_start.o)
                                 0x10 (size before relaxing)
 .literal.call_start_cpu
                0x40100004        0x0 F:/WorkingDirectory_2023/ESP8266/esp8266_idf_mqtt_demo/app/main/build/bootloader/main\libmain.a(bootloader_start.o)
                                  0xc (size before relaxing)
 .literal.try_load_partition
                0x40100004        0x0 F:/WorkingDirectory_2023/ESP8266/esp8266_idf_mqtt_demo/app/main/build/bootloader/bootloader_support\libbootloader_support.a(bootloader_utility.o)
                                  0x4 (size before relaxing)
 .literal.bootloader_utility_load_partition_table
                0x40100004       0x10 F:/WorkingDirectory_2023/ESP8266/esp8266_idf_mqtt_demo/app/main/build/bootloader/bootloader_support\libbootloader_support.a(bootloader_utility.o)
                                 0x1c (size before relaxing)
 .literal.bootloader_utility_get_selected_boot_partition
                0x40100014        0x8 F:/WorkingDirectory_2023/ESP8266/esp8266_idf_mqtt_demo/app/main/build/bootloader/bootloader_support\libbootloader_support.a(bootloader_utility.o)
                                 0x28 (size before relaxing)
 .literal.bootloader_utility_load_boot_image
                0x4010001c        0x0 F:/WorkingDirectory_2023/ESP8266/esp8266_idf_mqtt_demo/app/main/build/bootloader/bootloader_support\libbootloader_support.a(bootloader_utility.o)
                                 0x1c (size before relaxing)
 .literal.bootloader_utility_load_image
                0x4010001c        0x0 F:/WorkingDirectory_2023/ESP8266/esp8266_idf_mqtt_demo/app/main/build/bootloader/bootloader_support\libbootloader_support.a(bootloader_utility.o)
                                  0x4 (size before relaxing)
 .literal.uart_console_configure
                0x4010001c        0x0 F:/WorkingDirectory_2023/ESP8266/esp8266_idf_mqtt_demo/app/main/build/bootloader/bootloader_support\libbootloader_support.a(bootloader_init.o)
                                  0x4 (size before relaxing)
 .literal.update_flash_config
                0x4010001c        0x4 F:/WorkingDirectory_2023/ESP8266/esp8266_idf_mqtt_demo/app/main/build/bootloader/bootloader_support\libbootloader_support.a(bootloader_init.o)
                                  0x8 (size before relaxing)
 .literal.bootloader_main
                0x40100020        0x0 F:/WorkingDirectory_2023/ESP8266/esp8266_idf_mqtt_demo/app/main/build/bootloader/bootloader_support\libbootloader_support.a(bootloader_init.o)
                                 0x10 (size before relaxing)
 .literal.bootloader_init
                0x40100020        0x8 F:/WorkingDirectory_2023/ESP8266/esp8266_idf_mqtt_demo/app/main/build/bootloader/bootloader_support\libbootloader_support.a(bootloader_init.o)
                                 0x10 (size before relaxing)
 .literal.bootloader_flash_read_no_decrypt
                0x40100028        0x4 F:/WorkingDirectory_2023/ESP8266/esp8266_idf_mqtt_demo/app/main/build/bootloader/bootloader_support\libbootloader_support.a(bootloader_flash.o)
 .literal.bootloader_mmap
                0x4010002c       0x24 F:/WorkingDirectory_2023/ESP8266/esp8266_idf_mqtt_demo/app/main/build/bootloader/bootloader_support\libbootloader_support.a(bootloader_flash.o)
                                 0x28 (size before relaxing)
 .literal.bootloader_munmap
                0x40100050        0x0 F:/WorkingDirectory_2023/ESP8266/esp8266_idf_mqtt_demo/app/main/build/bootloader/bootloader_support\libbootloader_support.a(bootloader_flash.o)
                                  0x8 (size before relaxing)
 .literal.bootloader_flash_read
                0x40100050        0x0 F:/WorkingDirectory_2023/ESP8266/esp8266_idf_mqtt_demo/app/main/build/bootloader/bootloader_support\libbootloader_support.a(bootloader_flash.o)
                                  0x4 (size before relaxing)
 .literal.verify_image_header
                0x40100050        0x4 F:/WorkingDirectory_2023/ESP8266/esp8266_idf_mqtt_demo/app/main/build/bootloader/bootloader_support\libbootloader_support.a(esp_image_format.o)
 .literal.should_map
                0x40100054        0x4 F:/WorkingDirectory_2023/ESP8266/esp8266_idf_mqtt_demo/app/main/build/bootloader/bootloader_support\libbootloader_support.a(esp_image_format.o)
                                  0x8 (size before relaxing)
 .literal.should_load
                0x40100058        0x0 F:/WorkingDirectory_2023/ESP8266/esp8266_idf_mqtt_demo/app/main/build/bootloader/bootloader_support\libbootloader_support.a(esp_image_format.o)
                                  0x4 (size before relaxing)
 .literal.process_segment_data
                0x40100058        0x4 F:/WorkingDirectory_2023/ESP8266/esp8266_idf_mqtt_demo/app/main/build/bootloader/bootloader_support\libbootloader_support.a(esp_image_format.o)
                                  0x8 (size before relaxing)
 .literal.verify_checksum
                0x4010005c        0x0 F:/WorkingDirectory_2023/ESP8266/esp8266_idf_mqtt_demo/app/main/build/bootloader/bootloader_support\libbootloader_support.a(esp_image_format.o)
                                  0x8 (size before relaxing)
 .literal.process_segment
                0x4010005c        0x0 F:/WorkingDirectory_2023/ESP8266/esp8266_idf_mqtt_demo/app/main/build/bootloader/bootloader_support\libbootloader_support.a(esp_image_format.o)
                                 0x14 (size before relaxing)
 .literal.esp_image_load
                0x4010005c        0x4 F:/WorkingDirectory_2023/ESP8266/esp8266_idf_mqtt_demo/app/main/build/bootloader/bootloader_support\libbootloader_support.a(esp_image_format.o)
                                 0x20 (size before relaxing)
 .literal.esp_partition_table_basic_verify
                0x40100060        0xc F:/WorkingDirectory_2023/ESP8266/esp8266_idf_mqtt_demo/app/main/build/bootloader/bootloader_support\libbootloader_support.a(flash_partitions.o)
                                 0x10 (size before relaxing)
 .literal.bootloader_common_ota_select_crc
                0x4010006c        0x0 F:/WorkingDirectory_2023/ESP8266/esp8266_idf_mqtt_demo/app/main/build/bootloader/bootloader_support\libbootloader_support.a(bootloader_common.o)
                                  0x4 (size before relaxing)
 .literal.bootloader_common_ota_select_valid
                0x4010006c        0x0 F:/WorkingDirectory_2023/ESP8266/esp8266_idf_mqtt_demo/app/main/build/bootloader/bootloader_support\libbootloader_support.a(bootloader_common.o)
                                  0x4 (size before relaxing)
 .literal.spi_user_cmd
                0x4010006c        0x4 F:/WorkingDirectory_2023/ESP8266/esp8266_idf_mqtt_demo/app/main/build/bootloader/spi_flash\libspi_flash.a(spi_flash.o)
                                  0xc (size before relaxing)
 .literal.special_flash_read_status
                0x40100070        0x0 F:/WorkingDirectory_2023/ESP8266/esp8266_idf_mqtt_demo/app/main/build/bootloader/spi_flash\libspi_flash.a(spi_flash.o)
                                  0x4 (size before relaxing)
 .literal.flash_gd25q32c_read_status
                0x40100070        0x0 F:/WorkingDirectory_2023/ESP8266/esp8266_idf_mqtt_demo/app/main/build/bootloader/spi_flash\libspi_flash.a(spi_flash.o)
                                  0x4 (size before relaxing)
 .literal.special_flash_write_status
                0x40100070        0x0 F:/WorkingDirectory_2023/ESP8266/esp8266_idf_mqtt_demo/app/main/build/bootloader/spi_flash\libspi_flash.a(spi_flash.o)
                                  0x8 (size before relaxing)
 .literal.spi_flash_enable_qio_bit6
                0x40100070        0x0 F:/WorkingDirectory_2023/ESP8266/esp8266_idf_mqtt_demo/app/main/build/bootloader/spi_flash\libspi_flash.a(spi_flash.o)
                                  0x4 (size before relaxing)
 .literal.flash_gd25q32c_write_status
                0x40100070        0x0 F:/WorkingDirectory_2023/ESP8266/esp8266_idf_mqtt_demo/app/main/build/bootloader/spi_flash\libspi_flash.a(spi_flash.o)
                                  0x4 (size before relaxing)
 .literal.flash_gd25q32c_enable_QIO_mode
                0x40100070        0x0 F:/WorkingDirectory_2023/ESP8266/esp8266_idf_mqtt_demo/app/main/build/bootloader/spi_flash\libspi_flash.a(spi_flash.o)
                                  0xc (size before relaxing)
 .literal.en25q16x_read_sfdp
                0x40100070        0x4 F:/WorkingDirectory_2023/ESP8266/esp8266_idf_mqtt_demo/app/main/build/bootloader/spi_flash\libspi_flash.a(spi_flash.o)
                                  0x8 (size before relaxing)
 .literal.spi_flash_get_id
                0x40100074        0x0 F:/WorkingDirectory_2023/ESP8266/esp8266_idf_mqtt_demo/app/main/build/bootloader/spi_flash\libspi_flash.a(spi_flash.o)
                                  0xc (size before relaxing)
 .literal.spi_flash_read_status
                0x40100074        0x0 F:/WorkingDirectory_2023/ESP8266/esp8266_idf_mqtt_demo/app/main/build/bootloader/spi_flash\libspi_flash.a(spi_flash.o)
                                  0xc (size before relaxing)
 .literal.spi_flash_issi_enable_QIO_mode
                0x40100074        0x0 F:/WorkingDirectory_2023/ESP8266/esp8266_idf_mqtt_demo/app/main/build/bootloader/spi_flash\libspi_flash.a(spi_flash.o)
                                  0xc (size before relaxing)
 .literal.special_flash_set_mode
                0x40100074        0x0 F:/WorkingDirectory_2023/ESP8266/esp8266_idf_mqtt_demo/app/main/build/bootloader/spi_flash\libspi_flash.a(spi_flash.o)
                                  0x8 (size before relaxing)
 .literal.en25q16x_write_volatile_status
                0x40100074        0x0 F:/WorkingDirectory_2023/ESP8266/esp8266_idf_mqtt_demo/app/main/build/bootloader/spi_flash\libspi_flash.a(spi_flash.o)
                                 0x14 (size before relaxing)
 .literal.user_spi_flash_dio_to_qio_pre_init
                0x40100074        0xc F:/WorkingDirectory_2023/ESP8266/esp8266_idf_mqtt_demo/app/main/build/bootloader/spi_flash\libspi_flash.a(spi_flash.o)
                                 0x30 (size before relaxing)
 .literal.esp_spi_flash_init
                0x40100080       0x18 F:/WorkingDirectory_2023/ESP8266/esp8266_idf_mqtt_demo/app/main/build/bootloader/spi_flash\libspi_flash.a(spi_flash.o)
                                 0x1c (size before relaxing)
 .literal.Cache_Read_Disable_2
                0x40100098        0xc F:/WorkingDirectory_2023/ESP8266/esp8266_idf_mqtt_demo/app/main/build/bootloader/spi_flash\libspi_flash.a(spi_flash_raw.o)
                                 0x10 (size before relaxing)
 .literal.Cache_Read_Enable_2
                0x401000a4        0x4 F:/WorkingDirectory_2023/ESP8266/esp8266_idf_mqtt_demo/app/main/build/bootloader/spi_flash\libspi_flash.a(spi_flash_raw.o)
                                  0xc (size before relaxing)
 .literal.spi_flash_get_id_raw
                0x401000a8       0x10 F:/WorkingDirectory_2023/ESP8266/esp8266_idf_mqtt_demo/app/main/build/bootloader/spi_flash\libspi_flash.a(spi_flash_raw.o)
                                 0x1c (size before relaxing)
 .literal.spi_flash_read_status_raw
                0x401000b8        0x4 F:/WorkingDirectory_2023/ESP8266/esp8266_idf_mqtt_demo/app/main/build/bootloader/spi_flash\libspi_flash.a(spi_flash_raw.o)
                                  0xc (size before relaxing)
 .literal.spi_flash_enable_qmode_raw
                0x401000bc        0x4 F:/WorkingDirectory_2023/ESP8266/esp8266_idf_mqtt_demo/app/main/build/bootloader/spi_flash\libspi_flash.a(spi_flash_raw.o)
                                 0x10 (size before relaxing)
 .literal.spi_user_cmd_raw
                0x401000c0       0x64 F:/WorkingDirectory_2023/ESP8266/esp8266_idf_mqtt_demo/app/main/build/bootloader/spi_flash\libspi_flash.a(spi_flash_raw.o)
                                 0x8c (size before relaxing)
 .literal.spi_flash_switch_to_qio_raw
                0x40100124        0x8 F:/WorkingDirectory_2023/ESP8266/esp8266_idf_mqtt_demo/app/main/build/bootloader/spi_flash\libspi_flash.a(spi_flash_raw.o)
                                  0xc (size before relaxing)
 .literal.crc32_le
                0x4010012c        0x4 F:/WorkingDirectory_2023/ESP8266/esp8266_idf_mqtt_demo/app/main/build/bootloader/util\libutil.a(crc.o)
 .text.selected_boot_partition
                0x40100130        0xf F:/WorkingDirectory_2023/ESP8266/esp8266_idf_mqtt_demo/app/main/build/bootloader/main\libmain.a(bootloader_start.o)
                                 0x13 (size before relaxing)
 *fill*         0x4010013f        0x1 
 .text.select_image
                0x40100140       0x57 F:/WorkingDirectory_2023/ESP8266/esp8266_idf_mqtt_demo/app/main/build/bootloader/main\libmain.a(bootloader_start.o)
                                 0x63 (size before relaxing)
 *fill*         0x40100197        0x1 
 .text.call_start_cpu
                0x40100198       0x26 F:/WorkingDirectory_2023/ESP8266/esp8266_idf_mqtt_demo/app/main/build/bootloader/main\libmain.a(bootloader_start.o)
                                 0x2e (size before relaxing)
                0x40100198                call_start_cpu
 *fill*         0x401001be        0x2 
 .text.try_load_partition
                0x401001c0       0x2a F:/WorkingDirectory_2023/ESP8266/esp8266_idf_mqtt_demo/app/main/build/bootloader/bootloader_support\libbootloader_support.a(bootloader_utility.o)
 *fill*         0x401001ea        0x2 
 .text.bootloader_utility_load_partition_table
                0x401001ec       0xcb F:/WorkingDirectory_2023/ESP8266/esp8266_idf_mqtt_demo/app/main/build/bootloader/bootloader_support\libbootloader_support.a(bootloader_utility.o)
                                 0xcf (size before relaxing)
                0x401001ec                bootloader_utility_load_partition_table
 *fill*         0x401002b7        0x1 
 .text.bootloader_utility_get_selected_boot_partition
                0x401002b8       0xee F:/WorkingDirectory_2023/ESP8266/esp8266_idf_mqtt_demo/app/main/build/bootloader/bootloader_support\libbootloader_support.a(bootloader_utility.o)
                                 0xf6 (size before relaxing)
                0x401002b8                bootloader_utility_get_selected_boot_partition
 *fill*         0x401003a6        0x2 
 .text.bootloader_utility_load_boot_image
                0x401003a8       0xa3 F:/WorkingDirectory_2023/ESP8266/esp8266_idf_mqtt_demo/app/main/build/bootloader/bootloader_support\libbootloader_support.a(bootloader_utility.o)
                                 0xb3 (size before relaxing)
                0x401003a8                bootloader_utility_load_boot_image
 *fill*         0x4010044b        0x1 
 .text.bootloader_utility_load_image
                0x4010044c       0x21 F:/WorkingDirectory_2023/ESP8266/esp8266_idf_mqtt_demo/app/main/build/bootloader/bootloader_support\libbootloader_support.a(bootloader_utility.o)
                                 0x25 (size before relaxing)
                0x4010044c                bootloader_utility_load_image
 *fill*         0x4010046d        0x3 
 .text.uart_console_configure
                0x40100470       0x17 F:/WorkingDirectory_2023/ESP8266/esp8266_idf_mqtt_demo/app/main/build/bootloader/bootloader_support\libbootloader_support.a(bootloader_init.o)
 *fill*         0x40100487        0x1 
 .text.update_flash_config
                0x40100488       0x21 F:/WorkingDirectory_2023/ESP8266/esp8266_idf_mqtt_demo/app/main/build/bootloader/bootloader_support\libbootloader_support.a(bootloader_init.o)
 *fill*         0x401004a9        0x3 
 .text.bootloader_main
                0x401004ac       0x39 F:/WorkingDirectory_2023/ESP8266/esp8266_idf_mqtt_demo/app/main/build/bootloader/bootloader_support\libbootloader_support.a(bootloader_init.o)
                                 0x45 (size before relaxing)
 *fill*         0x401004e5        0x3 
 .text.bootloader_init
                0x401004e8       0x25 F:/WorkingDirectory_2023/ESP8266/esp8266_idf_mqtt_demo/app/main/build/bootloader/bootloader_support\libbootloader_support.a(bootloader_init.o)
                                 0x29 (size before relaxing)
                0x401004e8                bootloader_init
 *fill*         0x4010050d        0x3 
 .text.bootloader_flash_read_no_decrypt
                0x40100510       0x15 F:/WorkingDirectory_2023/ESP8266/esp8266_idf_mqtt_demo/app/main/build/bootloader/bootloader_support\libbootloader_support.a(bootloader_flash.o)
 *fill*         0x40100525        0x3 
 .text.bootloader_mmap
                0x40100528       0x8b F:/WorkingDirectory_2023/ESP8266/esp8266_idf_mqtt_demo/app/main/build/bootloader/bootloader_support\libbootloader_support.a(bootloader_flash.o)
                0x40100528                bootloader_mmap
 *fill*         0x401005b3        0x1 
 .text.bootloader_munmap
                0x401005b4       0x23 F:/WorkingDirectory_2023/ESP8266/esp8266_idf_mqtt_demo/app/main/build/bootloader/bootloader_support\libbootloader_support.a(bootloader_flash.o)
                0x401005b4                bootloader_munmap
 *fill*         0x401005d7        0x1 
 .text.bootloader_flash_read
                0x401005d8       0x2f F:/WorkingDirectory_2023/ESP8266/esp8266_idf_mqtt_demo/app/main/build/bootloader/bootloader_support\libbootloader_support.a(bootloader_flash.o)
                                 0x33 (size before relaxing)
                0x401005d8                bootloader_flash_read
 *fill*         0x40100607        0x1 
 .text.verify_image_header
                0x40100608       0x12 F:/WorkingDirectory_2023/ESP8266/esp8266_idf_mqtt_demo/app/main/build/bootloader/bootloader_support\libbootloader_support.a(esp_image_format.o)
 *fill*         0x4010061a        0x2 
 .text.should_map
                0x4010061c       0x15 F:/WorkingDirectory_2023/ESP8266/esp8266_idf_mqtt_demo/app/main/build/bootloader/bootloader_support\libbootloader_support.a(esp_image_format.o)
 *fill*         0x40100631        0x3 
 .text.should_load
                0x40100634       0x19 F:/WorkingDirectory_2023/ESP8266/esp8266_idf_mqtt_demo/app/main/build/bootloader/bootloader_support\libbootloader_support.a(esp_image_format.o)
                                 0x1d (size before relaxing)
 *fill*         0x4010064d        0x3 
 .text.process_segment_data
                0x40100650       0x6f F:/WorkingDirectory_2023/ESP8266/esp8266_idf_mqtt_demo/app/main/build/bootloader/bootloader_support\libbootloader_support.a(esp_image_format.o)
 *fill*         0x401006bf        0x1 
 .text.verify_checksum
                0x401006c0       0x6c F:/WorkingDirectory_2023/ESP8266/esp8266_idf_mqtt_demo/app/main/build/bootloader/bootloader_support\libbootloader_support.a(esp_image_format.o)
                                 0x70 (size before relaxing)
 .text.process_segment
                0x4010072c       0xa7 F:/WorkingDirectory_2023/ESP8266/esp8266_idf_mqtt_demo/app/main/build/bootloader/bootloader_support\libbootloader_support.a(esp_image_format.o)
                                 0xab (size before relaxing)
 *fill*         0x401007d3        0x1 
 .text.esp_image_load
                0x401007d4      0x137 F:/WorkingDirectory_2023/ESP8266/esp8266_idf_mqtt_demo/app/main/build/bootloader/bootloader_support\libbootloader_support.a(esp_image_format.o)
                                0x13f (size before relaxing)
                0x401007d4                esp_image_load
 *fill*         0x4010090b        0x1 
 .text.esp_partition_table_basic_verify
                0x4010090c       0x89 F:/WorkingDirectory_2023/ESP8266/esp8266_idf_mqtt_demo/app/main/build/bootloader/bootloader_support\libbootloader_support.a(flash_partitions.o)
                0x4010090c                esp_partition_table_basic_verify
 *fill*         0x40100995        0x3 
 .text.bootloader_common_ota_select_crc
                0x40100998       0x18 F:/WorkingDirectory_2023/ESP8266/esp8266_idf_mqtt_demo/app/main/build/bootloader/bootloader_support\libbootloader_support.a(bootloader_common.o)
                0x40100998                bootloader_common_ota_select_crc
 .text.bootloader_common_ota_select_valid
                0x401009b0       0x2c F:/WorkingDirectory_2023/ESP8266/esp8266_idf_mqtt_demo/app/main/build/bootloader/bootloader_support\libbootloader_support.a(bootloader_common.o)
                0x401009b0                bootloader_common_ota_select_valid
 .text.spi_user_cmd
                0x401009dc       0x4d F:/WorkingDirectory_2023/ESP8266/esp8266_idf_mqtt_demo/app/main/build/bootloader/spi_flash\libspi_flash.a(spi_flash.o)
                0x401009dc                spi_user_cmd
 *fill*         0x40100a29        0x3 
 .text.special_flash_read_status
                0x40100a2c       0x39 F:/WorkingDirectory_2023/ESP8266/esp8266_idf_mqtt_demo/app/main/build/bootloader/spi_flash\libspi_flash.a(spi_flash.o)
                                 0x3d (size before relaxing)
                0x40100a2c                special_flash_read_status
 *fill*         0x40100a65        0x3 
 .text.flash_gd25q32c_read_status
                0x40100a68       0x33 F:/WorkingDirectory_2023/ESP8266/esp8266_idf_mqtt_demo/app/main/build/bootloader/spi_flash\libspi_flash.a(spi_flash.o)
 *fill*         0x40100a9b        0x1 
 .text.special_flash_write_status
                0x40100a9c       0x59 F:/WorkingDirectory_2023/ESP8266/esp8266_idf_mqtt_demo/app/main/build/bootloader/spi_flash\libspi_flash.a(spi_flash.o)
                                 0x61 (size before relaxing)
                0x40100a9c                special_flash_write_status
 *fill*         0x40100af5        0x3 
 .text.spi_flash_enable_qio_bit6
                0x40100af8       0x17 F:/WorkingDirectory_2023/ESP8266/esp8266_idf_mqtt_demo/app/main/build/bootloader/spi_flash\libspi_flash.a(spi_flash.o)
                                 0x1b (size before relaxing)
 *fill*         0x40100b0f        0x1 
 .text.flash_gd25q32c_write_status
                0x40100b10       0x30 F:/WorkingDirectory_2023/ESP8266/esp8266_idf_mqtt_demo/app/main/build/bootloader/spi_flash\libspi_flash.a(spi_flash.o)
 .text.flash_gd25q32c_enable_QIO_mode
                0x40100b40       0x3e F:/WorkingDirectory_2023/ESP8266/esp8266_idf_mqtt_demo/app/main/build/bootloader/spi_flash\libspi_flash.a(spi_flash.o)
                                 0x46 (size before relaxing)
 *fill*         0x40100b7e        0x2 
 .text.en25q16x_read_sfdp
                0x40100b80       0x43 F:/WorkingDirectory_2023/ESP8266/esp8266_idf_mqtt_demo/app/main/build/bootloader/spi_flash\libspi_flash.a(spi_flash.o)
                0x40100b80                en25q16x_read_sfdp
 *fill*         0x40100bc3        0x1 
 .text.spi_flash_get_id
                0x40100bc4       0x26 F:/WorkingDirectory_2023/ESP8266/esp8266_idf_mqtt_demo/app/main/build/bootloader/spi_flash\libspi_flash.a(spi_flash.o)
                0x40100bc4                spi_flash_get_id
 *fill*         0x40100bea        0x2 
 .text.spi_flash_read_status
                0x40100bec       0x28 F:/WorkingDirectory_2023/ESP8266/esp8266_idf_mqtt_demo/app/main/build/bootloader/spi_flash\libspi_flash.a(spi_flash.o)
                0x40100bec                spi_flash_read_status
 .text.spi_flash_issi_enable_QIO_mode
                0x40100c14       0x43 F:/WorkingDirectory_2023/ESP8266/esp8266_idf_mqtt_demo/app/main/build/bootloader/spi_flash\libspi_flash.a(spi_flash.o)
                                 0x4b (size before relaxing)
 *fill*         0x40100c57        0x1 
 .text.special_flash_set_mode
                0x40100c58       0x40 F:/WorkingDirectory_2023/ESP8266/esp8266_idf_mqtt_demo/app/main/build/bootloader/spi_flash\libspi_flash.a(spi_flash.o)
                                 0x44 (size before relaxing)
                0x40100c58                special_flash_set_mode
 .text.en25q16x_write_volatile_status
                0x40100c98       0x4f F:/WorkingDirectory_2023/ESP8266/esp8266_idf_mqtt_demo/app/main/build/bootloader/spi_flash\libspi_flash.a(spi_flash.o)
                                 0x5b (size before relaxing)
                0x40100c98                en25q16x_write_volatile_status
 *fill*         0x40100ce7        0x1 
 .text.user_spi_flash_dio_to_qio_pre_init
                0x40100ce8       0xb9 F:/WorkingDirectory_2023/ESP8266/esp8266_idf_mqtt_demo/app/main/build/bootloader/spi_flash\libspi_flash.a(spi_flash.o)
                                 0xc5 (size before relaxing)
                0x40100ce8                user_spi_flash_dio_to_qio_pre_init
 *fill*         0x40100da1        0x3 
 .text.esp_spi_flash_init
                0x40100da4       0xb7 F:/WorkingDirectory_2023/ESP8266/esp8266_idf_mqtt_demo/app/main/build/bootloader/spi_flash\libspi_flash.a(spi_flash.o)
                0x40100da4                esp_spi_flash_init
 *fill*         0x40100e5b        0x1 
 .text.Cache_Read_Disable_2
                0x40100e5c       0x34 F:/WorkingDirectory_2023/ESP8266/esp8266_idf_mqtt_demo/app/main/build/bootloader/spi_flash\libspi_flash.a(spi_flash_raw.o)
                0x40100e5c                Cache_Read_Disable_2
 .text.Cache_Read_Enable_2
                0x40100e90       0x28 F:/WorkingDirectory_2023/ESP8266/esp8266_idf_mqtt_demo/app/main/build/bootloader/spi_flash\libspi_flash.a(spi_flash_raw.o)
                0x40100e90                Cache_Read_Enable_2
                0x40100e90                Cache_Read_Enable_New
 .text.spi_flash_get_id_raw
                0x40100eb8       0x57 F:/WorkingDirectory_2023/ESP8266/esp8266_idf_mqtt_demo/app/main/build/bootloader/spi_flash\libspi_flash.a(spi_flash_raw.o)
                0x40100eb8                spi_flash_get_id_raw
 *fill*         0x40100f0f        0x1 
 .text.spi_flash_read_status_raw
                0x40100f10       0x2f F:/WorkingDirectory_2023/ESP8266/esp8266_idf_mqtt_demo/app/main/build/bootloader/spi_flash\libspi_flash.a(spi_flash_raw.o)
                                 0x33 (size before relaxing)
                0x40100f10                spi_flash_read_status_raw
 *fill*         0x40100f3f        0x1 
 .text.spi_flash_enable_qmode_raw
                0x40100f40       0x33 F:/WorkingDirectory_2023/ESP8266/esp8266_idf_mqtt_demo/app/main/build/bootloader/spi_flash\libspi_flash.a(spi_flash_raw.o)
                                 0x37 (size before relaxing)
                0x40100f40                spi_flash_enable_qmode_raw
 *fill*         0x40100f73        0x1 
 .text.spi_user_cmd_raw
                0x40100f74      0x3d7 F:/WorkingDirectory_2023/ESP8266/esp8266_idf_mqtt_demo/app/main/build/bootloader/spi_flash\libspi_flash.a(spi_flash_raw.o)
                0x40100f74                spi_user_cmd_raw
 *fill*         0x4010134b        0x1 
 .text.spi_flash_switch_to_qio_raw
                0x4010134c       0x25 F:/WorkingDirectory_2023/ESP8266/esp8266_idf_mqtt_demo/app/main/build/bootloader/spi_flash\libspi_flash.a(spi_flash_raw.o)
                0x4010134c                spi_flash_switch_to_qio_raw
 *fill*         0x40101371        0x3 
 .text.crc32_le
                0x40101374       0x2f F:/WorkingDirectory_2023/ESP8266/esp8266_idf_mqtt_demo/app/main/build/bootloader/util\libutil.a(crc.o)
                0x40101374                crc32_le
 *fill*         0x401013a3        0x1 
 .text.phy_reg_default
                0x401013a4       0x36 F:/WorkingDirectory_2023/ESP8266/esp8266_idf_mqtt_demo/components/esp8266/lib\libcore.a(phy.o)
                0x401013b4                phy_reg_default
 *fill*         0x401013da        0x2 
 .text.uart_div_modify
                0x401013dc       0x50 F:/WorkingDirectory_2023/ESP8266/esp8266_idf_mqtt_demo/components/esp8266/lib\libcore.a(uart.o)
                0x401013ec                uart_div_modify
 *fill*         0x4010142c        0x0 
 *fill*         0x4010142c        0x0 
 *fill*         0x4010142c        0x0 
 .text.index_to_partition
                0x4010142c       0x4b F:/WorkingDirectory_2023/ESP8266/esp8266_idf_mqtt_demo/app/main/build/bootloader/bootloader_support\libbootloader_support.a(bootloader_utility.o)
 *fill*         0x40101477        0x0 
 *fill*         0x40101477        0x0 
 *fill*         0x40101477        0x0 
 *fill*         0x40101477        0x0 
 *fill*         0x40101477        0x0 
 *fill*         0x40101477        0x0 
 *fill*         0x40101477        0x0 
 *fill*         0x40101477        0x0 
 *fill*         0x40101477        0x0 
 *fill*         0x40101477        0x0 
 *fill*         0x40101477        0x0 
 *fill*         0x40101477        0x0 
 *fill*         0x40101477        0x0 
 *fill*         0x40101477        0x0 
 *fill*         0x40101477        0x1 
 .text.verify_segment_header
                0x40101478        0x4 F:/WorkingDirectory_2023/ESP8266/esp8266_idf_mqtt_demo/app/main/build/bootloader/bootloader_support\libbootloader_support.a(esp_image_format.o)
 *fill*         0x4010147c        0x0 
 *fill*         0x4010147c        0x0 
 *fill*         0x4010147c        0x0 
 *fill*         0x4010147c        0x0 
 *fill*         0x4010147c        0x0 
 *fill*         0x4010147c        0x0 
 *fill*         0x4010147c        0x0 
 *fill*         0x4010147c        0x0 
 *fill*         0x4010147c        0x0 
 *fill*         0x4010147c        0x0 
 *fill*         0x4010147c        0x0 
 *fill*         0x4010147c        0x0 
 *fill*         0x4010147c        0x0 
 *fill*         0x4010147c        0x0 
 *fill*         0x4010147c        0x0 
 *fill*         0x4010147c        0x0 
 *fill*         0x4010147c        0x0 
 *fill*         0x4010147c        0x0 
 *fill*         0x4010147c        0x0 
 *fill*         0x4010147c        0x0 
 *fill*         0x4010147c        0x0 
 *fill*         0x4010147c        0x0 
 *fill*         0x4010147c        0x0 
 *fill*         0x4010147c        0x0 
 *fill*         0x4010147c        0x0 
 *(.iram1 .iram1.*)
 *(.fini.literal)
 *(.fini)
 *(.gnu.version)
                0x4010147c                _text_end = ABSOLUTE (.)
                0x4010147c                _etext = .

.bss            0x3ffe8000      0x408
                0x3ffe8000                . = ALIGN (0x8)
                0x3ffe8000                _bss_start = ABSOLUTE (.)
 *(.dynsbss)
 *(.sbss)
 *(.sbss.*)
 *(.gnu.linkonce.sb.*)
 *(.scommon)
 *(.sbss2)
 *(.sbss2.*)
 *(.gnu.linkonce.sb2.*)
 *(.dynbss)
 *(.bss)
 *(.bss.*)
 .bss.mapped    0x3ffe8000        0x1 F:/WorkingDirectory_2023/ESP8266/esp8266_idf_mqtt_demo/app/main/build/bootloader/bootloader_support\libbootloader_support.a(bootloader_flash.o)
 *fill*         0x3ffe8001        0x3 
 .bss.pbuf$3468
                0x3ffe8004      0x400 F:/WorkingDirectory_2023/ESP8266/esp8266_idf_mqtt_demo/app/main/build/bootloader/bootloader_support\libbootloader_support.a(esp_image_format.o)
 .bss.FlashIsOnGoing
                0x3ffe8404        0x1 F:/WorkingDirectory_2023/ESP8266/esp8266_idf_mqtt_demo/app/main/build/bootloader/spi_flash\libspi_flash.a(spi_flash.o)
                0x3ffe8404                FlashIsOnGoing
 *(.gnu.linkonce.b.*)
 *(COMMON)
                0x3ffe8408                . = ALIGN (0x8)
 *fill*         0x3ffe8405        0x3 
                0x3ffe8408                _bss_end = ABSOLUTE (.)

.data           0x3ffe8408       0x18
                0x3ffe8408                _data_start = ABSOLUTE (.)
 *(.data)
 *(.data.*)
 .data.g_rom_flashchip
                0x3ffe8408       0x18 F:/WorkingDirectory_2023/ESP8266/esp8266_idf_mqtt_demo/app/main/build/bootloader/spi_flash\libspi_flash.a(spi_flash.o)
                0x3ffe8408                g_rom_flashchip
 *(.gnu.linkonce.d.*)
 *(.data1)
 *(.sdata)
 *(.sdata.*)
 *(.gnu.linkonce.s.*)
 *(.sdata2)
 *(.sdata2.*)
 *(.gnu.linkonce.s2.*)
 *(.jcr)
                0x3ffe8420                _data_end = ABSOLUTE (.)

.rodata         0x3ffe8420      0x400
                0x3ffe8420                _rodata_start = ABSOLUTE (.)
 *(.rodata)
 *(.rodata.*)
 .rodata.crc32_le_table
                0x3ffe8420      0x400 F:/WorkingDirectory_2023/ESP8266/esp8266_idf_mqtt_demo/app/main/build/bootloader/util\libutil.a(crc.o)
 *(.gnu.linkonce.r.*)
 *(.rodata1)
                0x3ffe8820                __XT_EXCEPTION_TABLE_ = ABSOLUTE (.)
 *(.xt_except_table)
 *(.gcc_except_table)
 *(.gnu.linkonce.e.*)
 *(.gnu.version_r)
 *(.eh_frame)
                0x3ffe8820                . = ((. + 0x3) & 0xfffffffc)
                0x3ffe8820                __init_array_start = ABSOLUTE (.)
 *crtbegin.o(.ctors)
 *(EXCLUDE_FILE(*crtend.o) .ctors)
 *(SORT(.ctors.*))
 *(.ctors)
                0x3ffe8820                __init_array_end = ABSOLUTE (.)
 *crtbegin.o(.dtors)
 *(EXCLUDE_FILE(*crtend.o) .dtors)
 *(SORT(.dtors.*))
 *(.dtors)
                0x3ffe8820                __XT_EXCEPTION_DESCS_ = ABSOLUTE (.)
 *(.xt_except_desc)
 *(.gnu.linkonce.h.*)
                0x3ffe8820                __XT_EXCEPTION_DESCS_END__ = ABSOLUTE (.)
 *(.xt_except_desc_end)
 *(.dynamic)
 *(.gnu.version_d)
                0x3ffe8820                _rodata_end = ABSOLUTE (.)
                0x3ffe8820                _lit4_start = ABSOLUTE (.)
 *(*.lit4)
 *(.lit4.*)
 *(.gnu.linkonce.lit4.*)
                0x3ffe8820                _lit4_end = ABSOLUTE (.)
                0x3ffe8820                . = ALIGN (0x4)
                0x3ffe8820                _heap_start = ABSOLUTE (.)
                0x60001100                PROVIDE (rtc_sys_info, 0x60001100)
                0x400040c0                PROVIDE (SPI_sector_erase, 0x400040c0)
                0x40004174                PROVIDE (SPI_page_program, 0x40004174)
                0x400042ac                PROVIDE (SPI_read_data, 0x400042ac)
                0x400043c8                PROVIDE (SPI_read_status, 0x400043c8)
                0x40004400                PROVIDE (SPI_write_status, 0x40004400)
                0x4000443c                PROVIDE (SPI_write_enable, 0x4000443c)
                0x4000448c                PROVIDE (Wait_SPI_Idle, 0x4000448c)
                0x400044c0                PROVIDE (Enable_QMode, 0x400044c0)
                [!provide]                PROVIDE (Disable_QMode, 0x40004508)
                0x40004678                PROVIDE (Cache_Read_Enable, 0x40004678)
                0x400047f0                PROVIDE (Cache_Read_Disable, 0x400047f0)
                [!provide]                PROVIDE (lldesc_build_chain, 0x40004f40)
                [!provide]                PROVIDE (lldesc_num2link, 0x40005050)
                [!provide]                PROVIDE (lldesc_set_owner, 0x4000507c)
                [!provide]                PROVIDE (__adddf3, 0x4000c538)
                [!provide]                PROVIDE (__addsf3, 0x4000c180)
                [!provide]                PROVIDE (__divdf3, 0x4000cb94)
                [!provide]                PROVIDE (__divdi3, 0x4000ce60)
                [!provide]                PROVIDE (__divsi3, 0x4000dc88)
                [!provide]                PROVIDE (__extendsfdf2, 0x4000cdfc)
                [!provide]                PROVIDE (__fixdfsi, 0x4000ccb8)
                [!provide]                PROVIDE (__fixunsdfsi, 0x4000cd00)
                [!provide]                PROVIDE (__fixunssfsi, 0x4000c4c4)
                [!provide]                PROVIDE (__floatsidf, 0x4000e2f0)
                [!provide]                PROVIDE (__floatsisf, 0x4000e2ac)
                [!provide]                PROVIDE (__floatunsidf, 0x4000e2e8)
                [!provide]                PROVIDE (__floatunsisf, 0x4000e2a4)
                [!provide]                PROVIDE (__muldf3, 0x4000c8f0)
                [!provide]                PROVIDE (__muldi3, 0x40000650)
                [!provide]                PROVIDE (__mulsf3, 0x4000c3dc)
                [!provide]                PROVIDE (__subdf3, 0x4000c688)
                [!provide]                PROVIDE (__subsf3, 0x4000c268)
                [!provide]                PROVIDE (__truncdfsf2, 0x4000cd5c)
                [!provide]                PROVIDE (__udivdi3, 0x4000d310)
                0x4000e21c                PROVIDE (__udivsi3, 0x4000e21c)
                [!provide]                PROVIDE (__umoddi3, 0x4000d770)
                0x4000e268                PROVIDE (__umodsi3, 0x4000e268)
                [!provide]                PROVIDE (__umulsidi3, 0x4000dcf0)
                [!provide]                PROVIDE (bzero, 0x4000de84)
                [!provide]                PROVIDE (memcmp, 0x4000dea8)
                0x4000df48                PROVIDE (memcpy, 0x4000df48)
                [!provide]                PROVIDE (memmove, 0x4000e04c)
                0x4000e190                PROVIDE (memset, 0x4000e190)
                [!provide]                PROVIDE (strcmp, 0x4000bdc8)
                [!provide]                PROVIDE (strcpy, 0x4000bec8)
                [!provide]                PROVIDE (strlen, 0x4000bf4c)
                [!provide]                PROVIDE (strncmp, 0x4000bfa8)
                [!provide]                PROVIDE (strncpy, 0x4000c0a0)
                [!provide]                PROVIDE (strstr, 0x4000e1e0)
                0x40004cf0                PROVIDE (gpio_input_get, 0x40004cf0)
                [!provide]                PROVIDE (gpio_pin_wakeup_disable, 0x40004ed4)
                [!provide]                PROVIDE (gpio_pin_wakeup_enable, 0x40004e90)
                0x40001f00                PROVIDE (ets_io_vprintf, 0x40001f00)
                [!provide]                PROVIDE (uart_rx_one_char, 0x40003b8c)
                [!provide]                PROVIDE (rom_i2c_readReg, 0x40007268)
                [!provide]                PROVIDE (rom_i2c_readReg_Mask, 0x4000729c)
                [!provide]                PROVIDE (rom_i2c_writeReg, 0x400072d8)
                [!provide]                PROVIDE (rom_i2c_writeReg_Mask, 0x4000730c)
                [!provide]                PROVIDE (rom_software_reboot, 0x40000080)
                [!provide]                PROVIDE (ets_memcpy, 0x400018b4)
                0x40004b1c                PROVIDE (SPIRead, 0x40004b1c)
                0x40004a4c                PROVIDE (SPIWrite, 0x40004a4c)
                0x40004a00                PROVIDE (SPIEraseSector, 0x40004a00)
                [!provide]                PROVIDE (gpio_input_get, 0x40004cf0)
                [!provide]                PROVIDE (xthal_get_ccount, 0x4000dd38)
                [!provide]                PROVIDE (uart_div_modify, 0x400039d8)
                [!provide]                PROVIDE (ets_io_vprintf, 0x40001f00)
OUTPUT(F:/WorkingDirectory_2023/ESP8266/esp8266_idf_mqtt_demo/app/main/build/bootloader/bootloader.elf elf32-xtensa-le)

.debug_frame    0x00000000      0xa60
 .debug_frame   0x00000000       0x74 F:/WorkingDirectory_2023/ESP8266/esp8266_idf_mqtt_demo/app/main/build/bootloader/main\libmain.a(bootloader_start.o)
 .debug_frame   0x00000074       0xdc F:/WorkingDirectory_2023/ESP8266/esp8266_idf_mqtt_demo/app/main/build/bootloader/bootloader_support\libbootloader_support.a(bootloader_utility.o)
 .debug_frame   0x00000150       0x90 F:/WorkingDirectory_2023/ESP8266/esp8266_idf_mqtt_demo/app/main/build/bootloader/bootloader_support\libbootloader_support.a(bootloader_init.o)
 .debug_frame   0x000001e0       0xdc F:/WorkingDirectory_2023/ESP8266/esp8266_idf_mqtt_demo/app/main/build/bootloader/bootloader_support\libbootloader_support.a(bootloader_flash.o)
 .debug_frame   0x000002bc      0x124 F:/WorkingDirectory_2023/ESP8266/esp8266_idf_mqtt_demo/app/main/build/bootloader/bootloader_support\libbootloader_support.a(esp_image_format.o)
 .debug_frame   0x000003e0       0x38 F:/WorkingDirectory_2023/ESP8266/esp8266_idf_mqtt_demo/app/main/build/bootloader/bootloader_support\libbootloader_support.a(flash_partitions.o)
 .debug_frame   0x00000418       0x74 F:/WorkingDirectory_2023/ESP8266/esp8266_idf_mqtt_demo/app/main/build/bootloader/bootloader_support\libbootloader_support.a(bootloader_common.o)
 .debug_frame   0x0000048c      0x350 F:/WorkingDirectory_2023/ESP8266/esp8266_idf_mqtt_demo/app/main/build/bootloader/spi_flash\libspi_flash.a(spi_flash.o)
 .debug_frame   0x000007dc      0x16c F:/WorkingDirectory_2023/ESP8266/esp8266_idf_mqtt_demo/app/main/build/bootloader/spi_flash\libspi_flash.a(spi_flash_raw.o)
 .debug_frame   0x00000948       0x58 F:/WorkingDirectory_2023/ESP8266/esp8266_idf_mqtt_demo/app/main/build/bootloader/log\liblog.a(log.o)
 .debug_frame   0x000009a0       0x80 F:/WorkingDirectory_2023/ESP8266/esp8266_idf_mqtt_demo/app/main/build/bootloader/esp8266\libesp8266.a(ets_printf.o)
 .debug_frame   0x00000a20       0x40 F:/WorkingDirectory_2023/ESP8266/esp8266_idf_mqtt_demo/app/main/build/bootloader/util\libutil.a(crc.o)

.debug_info     0x00000000     0x486e
 .debug_info    0x00000000      0x489 F:/WorkingDirectory_2023/ESP8266/esp8266_idf_mqtt_demo/app/main/build/bootloader/main\libmain.a(bootloader_start.o)
 .debug_info    0x00000489      0x9ca F:/WorkingDirectory_2023/ESP8266/esp8266_idf_mqtt_demo/app/main/build/bootloader/bootloader_support\libbootloader_support.a(bootloader_utility.o)
 .debug_info    0x00000e53      0x354 F:/WorkingDirectory_2023/ESP8266/esp8266_idf_mqtt_demo/app/main/build/bootloader/bootloader_support\libbootloader_support.a(bootloader_init.o)
 .debug_info    0x000011a7      0x400 F:/WorkingDirectory_2023/ESP8266/esp8266_idf_mqtt_demo/app/main/build/bootloader/bootloader_support\libbootloader_support.a(bootloader_flash.o)
 .debug_info    0x000015a7      0xa88 F:/WorkingDirectory_2023/ESP8266/esp8266_idf_mqtt_demo/app/main/build/bootloader/bootloader_support\libbootloader_support.a(esp_image_format.o)
 .debug_info    0x0000202f      0x356 F:/WorkingDirectory_2023/ESP8266/esp8266_idf_mqtt_demo/app/main/build/bootloader/bootloader_support\libbootloader_support.a(flash_partitions.o)
 .debug_info    0x00002385      0x341 F:/WorkingDirectory_2023/ESP8266/esp8266_idf_mqtt_demo/app/main/build/bootloader/bootloader_support\libbootloader_support.a(bootloader_common.o)
 .debug_info    0x000026c6     0x1323 F:/WorkingDirectory_2023/ESP8266/esp8266_idf_mqtt_demo/app/main/build/bootloader/spi_flash\libspi_flash.a(spi_flash.o)
 .debug_info    0x000039e9      0x756 F:/WorkingDirectory_2023/ESP8266/esp8266_idf_mqtt_demo/app/main/build/bootloader/spi_flash\libspi_flash.a(spi_flash_raw.o)
 .debug_info    0x0000413f      0x307 F:/WorkingDirectory_2023/ESP8266/esp8266_idf_mqtt_demo/app/main/build/bootloader/log\liblog.a(log.o)
 .debug_info    0x00004446      0x21f F:/WorkingDirectory_2023/ESP8266/esp8266_idf_mqtt_demo/app/main/build/bootloader/esp8266\libesp8266.a(ets_printf.o)
 .debug_info    0x00004665      0x209 F:/WorkingDirectory_2023/ESP8266/esp8266_idf_mqtt_demo/app/main/build/bootloader/util\libutil.a(crc.o)

.debug_abbrev   0x00000000     0x140b
 .debug_abbrev  0x00000000      0x195 F:/WorkingDirectory_2023/ESP8266/esp8266_idf_mqtt_demo/app/main/build/bootloader/main\libmain.a(bootloader_start.o)
 .debug_abbrev  0x00000195      0x229 F:/WorkingDirectory_2023/ESP8266/esp8266_idf_mqtt_demo/app/main/build/bootloader/bootloader_support\libbootloader_support.a(bootloader_utility.o)
 .debug_abbrev  0x000003be      0x1b9 F:/WorkingDirectory_2023/ESP8266/esp8266_idf_mqtt_demo/app/main/build/bootloader/bootloader_support\libbootloader_support.a(bootloader_init.o)
 .debug_abbrev  0x00000577      0x15c F:/WorkingDirectory_2023/ESP8266/esp8266_idf_mqtt_demo/app/main/build/bootloader/bootloader_support\libbootloader_support.a(bootloader_flash.o)
 .debug_abbrev  0x000006d3      0x1e4 F:/WorkingDirectory_2023/ESP8266/esp8266_idf_mqtt_demo/app/main/build/bootloader/bootloader_support\libbootloader_support.a(esp_image_format.o)
 .debug_abbrev  0x000008b7      0x15e F:/WorkingDirectory_2023/ESP8266/esp8266_idf_mqtt_demo/app/main/build/bootloader/bootloader_support\libbootloader_support.a(flash_partitions.o)
 .debug_abbrev  0x00000a15      0x1aa F:/WorkingDirectory_2023/ESP8266/esp8266_idf_mqtt_demo/app/main/build/bootloader/bootloader_support\libbootloader_support.a(bootloader_common.o)
 .debug_abbrev  0x00000bbf      0x306 F:/WorkingDirectory_2023/ESP8266/esp8266_idf_mqtt_demo/app/main/build/bootloader/spi_flash\libspi_flash.a(spi_flash.o)
 .debug_abbrev  0x00000ec5      0x176 F:/WorkingDirectory_2023/ESP8266/esp8266_idf_mqtt_demo/app/main/build/bootloader/spi_flash\libspi_flash.a(spi_flash_raw.o)
 .debug_abbrev  0x0000103b      0x1c8 F:/WorkingDirectory_2023/ESP8266/esp8266_idf_mqtt_demo/app/main/build/bootloader/log\liblog.a(log.o)
 .debug_abbrev  0x00001203      0x159 F:/WorkingDirectory_2023/ESP8266/esp8266_idf_mqtt_demo/app/main/build/bootloader/esp8266\libesp8266.a(ets_printf.o)
 .debug_abbrev  0x0000135c       0xaf F:/WorkingDirectory_2023/ESP8266/esp8266_idf_mqtt_demo/app/main/build/bootloader/util\libutil.a(crc.o)

.debug_loc      0x00000000     0x2e34
 .debug_loc     0x00000000       0x76 F:/WorkingDirectory_2023/ESP8266/esp8266_idf_mqtt_demo/app/main/build/bootloader/main\libmain.a(bootloader_start.o)
 .debug_loc     0x00000076      0x53b F:/WorkingDirectory_2023/ESP8266/esp8266_idf_mqtt_demo/app/main/build/bootloader/bootloader_support\libbootloader_support.a(bootloader_utility.o)
 .debug_loc     0x000005b1       0x21 F:/WorkingDirectory_2023/ESP8266/esp8266_idf_mqtt_demo/app/main/build/bootloader/bootloader_support\libbootloader_support.a(bootloader_init.o)
 .debug_loc     0x000005d2      0x2fe F:/WorkingDirectory_2023/ESP8266/esp8266_idf_mqtt_demo/app/main/build/bootloader/bootloader_support\libbootloader_support.a(bootloader_flash.o)
 .debug_loc     0x000008d0      0x836 F:/WorkingDirectory_2023/ESP8266/esp8266_idf_mqtt_demo/app/main/build/bootloader/bootloader_support\libbootloader_support.a(esp_image_format.o)
 .debug_loc     0x00001106       0xe0 F:/WorkingDirectory_2023/ESP8266/esp8266_idf_mqtt_demo/app/main/build/bootloader/bootloader_support\libbootloader_support.a(flash_partitions.o)
 .debug_loc     0x000011e6      0x2e6 F:/WorkingDirectory_2023/ESP8266/esp8266_idf_mqtt_demo/app/main/build/bootloader/bootloader_support\libbootloader_support.a(bootloader_common.o)
 .debug_loc     0x000014cc     0x10ba F:/WorkingDirectory_2023/ESP8266/esp8266_idf_mqtt_demo/app/main/build/bootloader/spi_flash\libspi_flash.a(spi_flash.o)
 .debug_loc     0x00002586      0x5a0 F:/WorkingDirectory_2023/ESP8266/esp8266_idf_mqtt_demo/app/main/build/bootloader/spi_flash\libspi_flash.a(spi_flash_raw.o)
 .debug_loc     0x00002b26       0xe1 F:/WorkingDirectory_2023/ESP8266/esp8266_idf_mqtt_demo/app/main/build/bootloader/log\liblog.a(log.o)
 .debug_loc     0x00002c07       0x9b F:/WorkingDirectory_2023/ESP8266/esp8266_idf_mqtt_demo/app/main/build/bootloader/esp8266\libesp8266.a(ets_printf.o)
 .debug_loc     0x00002ca2      0x192 F:/WorkingDirectory_2023/ESP8266/esp8266_idf_mqtt_demo/app/main/build/bootloader/util\libutil.a(crc.o)

.debug_aranges  0x00000000      0x390
 .debug_aranges
                0x00000000       0x30 F:/WorkingDirectory_2023/ESP8266/esp8266_idf_mqtt_demo/app/main/build/bootloader/main\libmain.a(bootloader_start.o)
 .debug_aranges
                0x00000030       0x48 F:/WorkingDirectory_2023/ESP8266/esp8266_idf_mqtt_demo/app/main/build/bootloader/bootloader_support\libbootloader_support.a(bootloader_utility.o)
 .debug_aranges
                0x00000078       0x38 F:/WorkingDirectory_2023/ESP8266/esp8266_idf_mqtt_demo/app/main/build/bootloader/bootloader_support\libbootloader_support.a(bootloader_init.o)
 .debug_aranges
                0x000000b0       0x48 F:/WorkingDirectory_2023/ESP8266/esp8266_idf_mqtt_demo/app/main/build/bootloader/bootloader_support\libbootloader_support.a(bootloader_flash.o)
 .debug_aranges
                0x000000f8       0x60 F:/WorkingDirectory_2023/ESP8266/esp8266_idf_mqtt_demo/app/main/build/bootloader/bootloader_support\libbootloader_support.a(esp_image_format.o)
 .debug_aranges
                0x00000158       0x20 F:/WorkingDirectory_2023/ESP8266/esp8266_idf_mqtt_demo/app/main/build/bootloader/bootloader_support\libbootloader_support.a(flash_partitions.o)
 .debug_aranges
                0x00000178       0x30 F:/WorkingDirectory_2023/ESP8266/esp8266_idf_mqtt_demo/app/main/build/bootloader/bootloader_support\libbootloader_support.a(bootloader_common.o)
 .debug_aranges
                0x000001a8       0xe8 F:/WorkingDirectory_2023/ESP8266/esp8266_idf_mqtt_demo/app/main/build/bootloader/spi_flash\libspi_flash.a(spi_flash.o)
 .debug_aranges
                0x00000290       0x70 F:/WorkingDirectory_2023/ESP8266/esp8266_idf_mqtt_demo/app/main/build/bootloader/spi_flash\libspi_flash.a(spi_flash_raw.o)
 .debug_aranges
                0x00000300       0x28 F:/WorkingDirectory_2023/ESP8266/esp8266_idf_mqtt_demo/app/main/build/bootloader/log\liblog.a(log.o)
 .debug_aranges
                0x00000328       0x38 F:/WorkingDirectory_2023/ESP8266/esp8266_idf_mqtt_demo/app/main/build/bootloader/esp8266\libesp8266.a(ets_printf.o)
 .debug_aranges
                0x00000360       0x30 F:/WorkingDirectory_2023/ESP8266/esp8266_idf_mqtt_demo/app/main/build/bootloader/util\libutil.a(crc.o)

.debug_ranges   0x00000000      0x3e8
 .debug_ranges  0x00000000       0x20 F:/WorkingDirectory_2023/ESP8266/esp8266_idf_mqtt_demo/app/main/build/bootloader/main\libmain.a(bootloader_start.o)
 .debug_ranges  0x00000020       0x50 F:/WorkingDirectory_2023/ESP8266/esp8266_idf_mqtt_demo/app/main/build/bootloader/bootloader_support\libbootloader_support.a(bootloader_utility.o)
 .debug_ranges  0x00000070       0x28 F:/WorkingDirectory_2023/ESP8266/esp8266_idf_mqtt_demo/app/main/build/bootloader/bootloader_support\libbootloader_support.a(bootloader_init.o)
 .debug_ranges  0x00000098       0x38 F:/WorkingDirectory_2023/ESP8266/esp8266_idf_mqtt_demo/app/main/build/bootloader/bootloader_support\libbootloader_support.a(bootloader_flash.o)
 .debug_ranges  0x000000d0       0x68 F:/WorkingDirectory_2023/ESP8266/esp8266_idf_mqtt_demo/app/main/build/bootloader/bootloader_support\libbootloader_support.a(esp_image_format.o)
 .debug_ranges  0x00000138       0x40 F:/WorkingDirectory_2023/ESP8266/esp8266_idf_mqtt_demo/app/main/build/bootloader/bootloader_support\libbootloader_support.a(flash_partitions.o)
 .debug_ranges  0x00000178       0x20 F:/WorkingDirectory_2023/ESP8266/esp8266_idf_mqtt_demo/app/main/build/bootloader/bootloader_support\libbootloader_support.a(bootloader_common.o)
 .debug_ranges  0x00000198      0x190 F:/WorkingDirectory_2023/ESP8266/esp8266_idf_mqtt_demo/app/main/build/bootloader/spi_flash\libspi_flash.a(spi_flash.o)
 .debug_ranges  0x00000328       0x60 F:/WorkingDirectory_2023/ESP8266/esp8266_idf_mqtt_demo/app/main/build/bootloader/spi_flash\libspi_flash.a(spi_flash_raw.o)
 .debug_ranges  0x00000388       0x18 F:/WorkingDirectory_2023/ESP8266/esp8266_idf_mqtt_demo/app/main/build/bootloader/log\liblog.a(log.o)
 .debug_ranges  0x000003a0       0x28 F:/WorkingDirectory_2023/ESP8266/esp8266_idf_mqtt_demo/app/main/build/bootloader/esp8266\libesp8266.a(ets_printf.o)
 .debug_ranges  0x000003c8       0x20 F:/WorkingDirectory_2023/ESP8266/esp8266_idf_mqtt_demo/app/main/build/bootloader/util\libutil.a(crc.o)

.debug_line     0x00000000     0x40e1
 .debug_line    0x00000000      0x407 F:/WorkingDirectory_2023/ESP8266/esp8266_idf_mqtt_demo/app/main/build/bootloader/main\libmain.a(bootloader_start.o)
 .debug_line    0x00000407      0x73e F:/WorkingDirectory_2023/ESP8266/esp8266_idf_mqtt_demo/app/main/build/bootloader/bootloader_support\libbootloader_support.a(bootloader_utility.o)
 .debug_line    0x00000b45      0x440 F:/WorkingDirectory_2023/ESP8266/esp8266_idf_mqtt_demo/app/main/build/bootloader/bootloader_support\libbootloader_support.a(bootloader_init.o)
 .debug_line    0x00000f85      0x43e F:/WorkingDirectory_2023/ESP8266/esp8266_idf_mqtt_demo/app/main/build/bootloader/bootloader_support\libbootloader_support.a(bootloader_flash.o)
 .debug_line    0x000013c3      0x70a F:/WorkingDirectory_2023/ESP8266/esp8266_idf_mqtt_demo/app/main/build/bootloader/bootloader_support\libbootloader_support.a(esp_image_format.o)
 .debug_line    0x00001acd      0x3ae F:/WorkingDirectory_2023/ESP8266/esp8266_idf_mqtt_demo/app/main/build/bootloader/bootloader_support\libbootloader_support.a(flash_partitions.o)
 .debug_line    0x00001e7b      0x3e3 F:/WorkingDirectory_2023/ESP8266/esp8266_idf_mqtt_demo/app/main/build/bootloader/bootloader_support\libbootloader_support.a(bootloader_common.o)
 .debug_line    0x0000225e      0xe1c F:/WorkingDirectory_2023/ESP8266/esp8266_idf_mqtt_demo/app/main/build/bootloader/spi_flash\libspi_flash.a(spi_flash.o)
 .debug_line    0x0000307a      0x717 F:/WorkingDirectory_2023/ESP8266/esp8266_idf_mqtt_demo/app/main/build/bootloader/spi_flash\libspi_flash.a(spi_flash_raw.o)
 .debug_line    0x00003791      0x422 F:/WorkingDirectory_2023/ESP8266/esp8266_idf_mqtt_demo/app/main/build/bootloader/log\liblog.a(log.o)
 .debug_line    0x00003bb3      0x300 F:/WorkingDirectory_2023/ESP8266/esp8266_idf_mqtt_demo/app/main/build/bootloader/esp8266\libesp8266.a(ets_printf.o)
 .debug_line    0x00003eb3      0x22e F:/WorkingDirectory_2023/ESP8266/esp8266_idf_mqtt_demo/app/main/build/bootloader/util\libutil.a(crc.o)

.debug_str      0x00000000     0x18e6
 .debug_str     0x00000000      0x479 F:/WorkingDirectory_2023/ESP8266/esp8266_idf_mqtt_demo/app/main/build/bootloader/main\libmain.a(bootloader_start.o)
                                0x502 (size before relaxing)
 .debug_str     0x00000479      0x2af F:/WorkingDirectory_2023/ESP8266/esp8266_idf_mqtt_demo/app/main/build/bootloader/bootloader_support\libbootloader_support.a(bootloader_utility.o)
                                0x6f3 (size before relaxing)
 .debug_str     0x00000728      0x11c F:/WorkingDirectory_2023/ESP8266/esp8266_idf_mqtt_demo/app/main/build/bootloader/bootloader_support\libbootloader_support.a(bootloader_init.o)
                                0x407 (size before relaxing)
 .debug_str     0x00000844      0x151 F:/WorkingDirectory_2023/ESP8266/esp8266_idf_mqtt_demo/app/main/build/bootloader/bootloader_support\libbootloader_support.a(bootloader_flash.o)
                                0x3cc (size before relaxing)
 .debug_str     0x00000995      0x376 F:/WorkingDirectory_2023/ESP8266/esp8266_idf_mqtt_demo/app/main/build/bootloader/bootloader_support\libbootloader_support.a(esp_image_format.o)
                                0x79b (size before relaxing)
 .debug_str     0x00000d0b       0xf5 F:/WorkingDirectory_2023/ESP8266/esp8266_idf_mqtt_demo/app/main/build/bootloader/bootloader_support\libbootloader_support.a(flash_partitions.o)
                                0x3d3 (size before relaxing)
 .debug_str     0x00000e00      0x17d F:/WorkingDirectory_2023/ESP8266/esp8266_idf_mqtt_demo/app/main/build/bootloader/bootloader_support\libbootloader_support.a(bootloader_common.o)
                                0x3b9 (size before relaxing)
 .debug_str     0x00000f7d      0x565 F:/WorkingDirectory_2023/ESP8266/esp8266_idf_mqtt_demo/app/main/build/bootloader/spi_flash\libspi_flash.a(spi_flash.o)
                                0x93d (size before relaxing)
 .debug_str     0x000014e2      0x13e F:/WorkingDirectory_2023/ESP8266/esp8266_idf_mqtt_demo/app/main/build/bootloader/spi_flash\libspi_flash.a(spi_flash_raw.o)
                                0x4fa (size before relaxing)
 .debug_str     0x00001620      0x155 F:/WorkingDirectory_2023/ESP8266/esp8266_idf_mqtt_demo/app/main/build/bootloader/log\liblog.a(log.o)
                                0x2fc (size before relaxing)
 .debug_str     0x00001775       0xe2 F:/WorkingDirectory_2023/ESP8266/esp8266_idf_mqtt_demo/app/main/build/bootloader/esp8266\libesp8266.a(ets_printf.o)
                                0x24e (size before relaxing)
 .debug_str     0x00001857       0x8f F:/WorkingDirectory_2023/ESP8266/esp8266_idf_mqtt_demo/app/main/build/bootloader/util\libutil.a(crc.o)
                                0x1b3 (size before relaxing)

.comment        0x00000000       0x76
 .comment       0x00000000       0x3c F:/WorkingDirectory_2023/ESP8266/esp8266_idf_mqtt_demo/app/main/build/bootloader/main\libmain.a(bootloader_start.o)
                                 0x3d (size before relaxing)
 .comment       0x0000003c       0x3d F:/WorkingDirectory_2023/ESP8266/esp8266_idf_mqtt_demo/app/main/build/bootloader/bootloader_support\libbootloader_support.a(bootloader_utility.o)
 .comment       0x0000003c       0x3d F:/WorkingDirectory_2023/ESP8266/esp8266_idf_mqtt_demo/app/main/build/bootloader/bootloader_support\libbootloader_support.a(bootloader_init.o)
 .comment       0x0000003c       0x3d F:/WorkingDirectory_2023/ESP8266/esp8266_idf_mqtt_demo/app/main/build/bootloader/bootloader_support\libbootloader_support.a(bootloader_flash.o)
 .comment       0x0000003c       0x3d F:/WorkingDirectory_2023/ESP8266/esp8266_idf_mqtt_demo/app/main/build/bootloader/bootloader_support\libbootloader_support.a(esp_image_format.o)
 .comment       0x0000003c       0x3d F:/WorkingDirectory_2023/ESP8266/esp8266_idf_mqtt_demo/app/main/build/bootloader/bootloader_support\libbootloader_support.a(flash_partitions.o)
 .comment       0x0000003c       0x3d F:/WorkingDirectory_2023/ESP8266/esp8266_idf_mqtt_demo/app/main/build/bootloader/bootloader_support\libbootloader_support.a(bootloader_common.o)
 .comment       0x0000003c       0x3d F:/WorkingDirectory_2023/ESP8266/esp8266_idf_mqtt_demo/app/main/build/bootloader/spi_flash\libspi_flash.a(spi_flash.o)
 .comment       0x0000003c       0x3d F:/WorkingDirectory_2023/ESP8266/esp8266_idf_mqtt_demo/app/main/build/bootloader/spi_flash\libspi_flash.a(spi_flash_raw.o)
 .comment       0x0000003c       0x3d F:/WorkingDirectory_2023/ESP8266/esp8266_idf_mqtt_demo/app/main/build/bootloader/log\liblog.a(log.o)
 .comment       0x0000003c       0x3d F:/WorkingDirectory_2023/ESP8266/esp8266_idf_mqtt_demo/app/main/build/bootloader/esp8266\libesp8266.a(ets_printf.o)
 .comment       0x0000003c       0x3d F:/WorkingDirectory_2023/ESP8266/esp8266_idf_mqtt_demo/app/main/build/bootloader/util\libutil.a(crc.o)
 .comment       0x0000003c       0x3a F:/WorkingDirectory_2023/ESP8266/esp8266_idf_mqtt_demo/components/esp8266/lib\libcore.a(phy.o)
                                 0x3b (size before relaxing)
 .comment       0x00000076       0x3b F:/WorkingDirectory_2023/ESP8266/esp8266_idf_mqtt_demo/components/esp8266/lib\libcore.a(uart.o)

.xtensa.info    0x00000000       0x38
 .xtensa.info   0x00000000       0x38 F:/WorkingDirectory_2023/ESP8266/esp8266_idf_mqtt_demo/app/main/build/bootloader/main\libmain.a(bootloader_start.o)
 .xtensa.info   0x00000038        0x0 F:/WorkingDirectory_2023/ESP8266/esp8266_idf_mqtt_demo/app/main/build/bootloader/bootloader_support\libbootloader_support.a(bootloader_utility.o)
 .xtensa.info   0x00000038        0x0 F:/WorkingDirectory_2023/ESP8266/esp8266_idf_mqtt_demo/app/main/build/bootloader/bootloader_support\libbootloader_support.a(bootloader_init.o)
 .xtensa.info   0x00000038        0x0 F:/WorkingDirectory_2023/ESP8266/esp8266_idf_mqtt_demo/app/main/build/bootloader/bootloader_support\libbootloader_support.a(bootloader_flash.o)
 .xtensa.info   0x00000038        0x0 F:/WorkingDirectory_2023/ESP8266/esp8266_idf_mqtt_demo/app/main/build/bootloader/bootloader_support\libbootloader_support.a(esp_image_format.o)
 .xtensa.info   0x00000038        0x0 F:/WorkingDirectory_2023/ESP8266/esp8266_idf_mqtt_demo/app/main/build/bootloader/bootloader_support\libbootloader_support.a(flash_partitions.o)
 .xtensa.info   0x00000038        0x0 F:/WorkingDirectory_2023/ESP8266/esp8266_idf_mqtt_demo/app/main/build/bootloader/bootloader_support\libbootloader_support.a(bootloader_common.o)
 .xtensa.info   0x00000038        0x0 F:/WorkingDirectory_2023/ESP8266/esp8266_idf_mqtt_demo/app/main/build/bootloader/spi_flash\libspi_flash.a(spi_flash.o)
 .xtensa.info   0x00000038        0x0 F:/WorkingDirectory_2023/ESP8266/esp8266_idf_mqtt_demo/app/main/build/bootloader/spi_flash\libspi_flash.a(spi_flash_raw.o)
 .xtensa.info   0x00000038        0x0 F:/WorkingDirectory_2023/ESP8266/esp8266_idf_mqtt_demo/app/main/build/bootloader/log\liblog.a(log.o)
 .xtensa.info   0x00000038        0x0 F:/WorkingDirectory_2023/ESP8266/esp8266_idf_mqtt_demo/app/main/build/bootloader/esp8266\libesp8266.a(ets_printf.o)
 .xtensa.info   0x00000038        0x0 F:/WorkingDirectory_2023/ESP8266/esp8266_idf_mqtt_demo/app/main/build/bootloader/util\libutil.a(crc.o)
 .xtensa.info   0x00000038        0x0 F:/WorkingDirectory_2023/ESP8266/esp8266_idf_mqtt_demo/components/esp8266/lib\libcore.a(phy.o)
 .xtensa.info   0x00000038        0x0 F:/WorkingDirectory_2023/ESP8266/esp8266_idf_mqtt_demo/components/esp8266/lib\libcore.a(uart.o)
